

================================================================
== Vivado HLS Report for 'partitionkeyvalues00'
================================================================
* Date:           Mon Jul 27 23:31:34 2020

* Version:        2019.1.3 (Build 2642998 on Wed Sep 04 10:25:22 MDT 2019)
* Project:        actsofagraph
* Solution:       solution1
* Product family: virtexuplus
* Target device:  xcvu9p-fsgd2104-2-i


================================================================
== Performance Estimates
================================================================
+ Timing (ns): 
    * Summary: 
    +--------+-------+----------+------------+
    |  Clock | Target| Estimated| Uncertainty|
    +--------+-------+----------+------------+
    |ap_clk  |  10.00|     7.732|        1.25|
    +--------+-------+----------+------------+

+ Latency (clock cycles): 
    * Summary: 
    +-----+------+-----+------+---------+
    |   Latency  |  Interval  | Pipeline|
    | min |  max | min |  max |   Type  |
    +-----+------+-----+------+---------+
    |    1|  4228|    1|  4228|   none  |
    +-----+------+-----+------+---------+

    + Detail: 
        * Instance: 
        N/A

        * Loop: 
        +-------------------------------+------+------+----------+-----------+-----------+------+----------+
        |                               |   Latency   | Iteration|  Initiation Interval  | Trip |          |
        |           Loop Name           |  min |  max |  Latency |  achieved |   target  | Count| Pipelined|
        +-------------------------------+------+------+----------+-----------+-----------+------+----------+
        |- Loop 1                       |    96|    96|         3|          -|          -|    32|    no    |
        |- PARTITIONKEYVALUES_MAINLOOP  |  4096|  4096|         2|          1|          1|  4096|    yes   |
        |- Loop 3                       |    32|    32|         1|          -|          -|    32|    no    |
        +-------------------------------+------+------+----------+-----------+-----------+------+----------+



================================================================
== Utilization Estimates
================================================================
* Summary: 
+---------------------+---------+-------+---------+---------+-----+
|         Name        | BRAM_18K| DSP48E|    FF   |   LUT   | URAM|
+---------------------+---------+-------+---------+---------+-----+
|DSP                  |        -|      -|        -|        -|    -|
|Expression           |        -|      -|        0|     4561|    -|
|FIFO                 |        -|      -|        -|        -|    -|
|Instance             |        -|      -|        0|      204|    -|
|Memory               |        -|      -|        -|        -|    -|
|Multiplexer          |        -|      -|        -|     1823|    -|
|Register             |        -|      -|    12872|        -|    -|
+---------------------+---------+-------+---------+---------+-----+
|Total                |        0|      0|    12872|     6588|    0|
+---------------------+---------+-------+---------+---------+-----+
|Available SLR        |     1440|   2280|   788160|   394080|  320|
+---------------------+---------+-------+---------+---------+-----+
|Utilization SLR (%)  |        0|      0|        1|        1|    0|
+---------------------+---------+-------+---------+---------+-----+
|Available            |     4320|   6840|  2364480|  1182240|  960|
+---------------------+---------+-------+---------+---------+-----+
|Utilization (%)      |        0|      0|    ~0   |    ~0   |    0|
+---------------------+---------+-------+---------+---------+-----+

+ Detail: 
    * Instance: 
    +------------------------------+--------------------------+---------+-------+---+----+-----+
    |           Instance           |          Module          | BRAM_18K| DSP48E| FF| LUT| URAM|
    +------------------------------+--------------------------+---------+-------+---+----+-----+
    |topkernel_mux_325_32_1_1_U85  |topkernel_mux_325_32_1_1  |        0|      0|  0|  17|    0|
    |topkernel_mux_325_32_1_1_U86  |topkernel_mux_325_32_1_1  |        0|      0|  0|  17|    0|
    |topkernel_mux_325_32_1_1_U87  |topkernel_mux_325_32_1_1  |        0|      0|  0|  17|    0|
    |topkernel_mux_325_32_1_1_U88  |topkernel_mux_325_32_1_1  |        0|      0|  0|  17|    0|
    |topkernel_mux_325_32_1_1_U89  |topkernel_mux_325_32_1_1  |        0|      0|  0|  17|    0|
    |topkernel_mux_325_32_1_1_U90  |topkernel_mux_325_32_1_1  |        0|      0|  0|  17|    0|
    |topkernel_mux_325_32_1_1_U91  |topkernel_mux_325_32_1_1  |        0|      0|  0|  17|    0|
    |topkernel_mux_325_32_1_1_U92  |topkernel_mux_325_32_1_1  |        0|      0|  0|  17|    0|
    |topkernel_mux_325_32_1_1_U93  |topkernel_mux_325_32_1_1  |        0|      0|  0|  17|    0|
    |topkernel_mux_325_32_1_1_U94  |topkernel_mux_325_32_1_1  |        0|      0|  0|  17|    0|
    |topkernel_mux_325_32_1_1_U95  |topkernel_mux_325_32_1_1  |        0|      0|  0|  17|    0|
    |topkernel_mux_325_32_1_1_U96  |topkernel_mux_325_32_1_1  |        0|      0|  0|  17|    0|
    +------------------------------+--------------------------+---------+-------+---+----+-----+
    |Total                         |                          |        0|      0|  0| 204|    0|
    +------------------------------+--------------------------+---------+-------+---+----+-----+

    * DSP48E: 
    N/A

    * Memory: 
    N/A

    * FIFO: 
    N/A

    * Expression: 
    +-------------------------------+----------+-------+---+----+------------+------------+
    |         Variable Name         | Operation| DSP48E| FF| LUT| Bitwidth P0| Bitwidth P1|
    +-------------------------------+----------+-------+---+----+------------+------------+
    |add_ln1234_1_fu_2861_p2        |     +    |      0|  0|  32|          10|          29|
    |add_ln1234_2_fu_2921_p2        |     +    |      0|  0|  32|          11|          29|
    |add_ln1234_3_fu_2981_p2        |     +    |      0|  0|  32|          11|          29|
    |add_ln1234_fu_2969_p2          |     +    |      0|  0|  32|          12|          32|
    |add_ln2060_fu_7185_p2          |     +    |      0|  0|  32|          32|          32|
    |add_ln2062_fu_7723_p2          |     +    |      0|  0|  32|          32|          32|
    |add_ln2064_fu_8201_p2          |     +    |      0|  0|  32|          32|          32|
    |add_ln2066_fu_8679_p2          |     +    |      0|  0|  32|          32|          32|
    |add_ln304_fu_3457_p2           |     +    |      0|  0|  32|           5|          32|
    |add_ln405_1_fu_7729_p2         |     +    |      0|  0|  15|          15|          15|
    |add_ln405_2_fu_8207_p2         |     +    |      0|  0|  15|          15|          15|
    |add_ln405_3_fu_8685_p2         |     +    |      0|  0|  15|          15|          15|
    |add_ln405_fu_7191_p2           |     +    |      0|  0|  15|          15|          15|
    |i_6_fu_2849_p2                 |     +    |      0|  0|  32|          11|          32|
    |i_7_fu_2909_p2                 |     +    |      0|  0|  32|          11|          32|
    |i_fu_2787_p2                   |     +    |      0|  0|  32|          10|          32|
    |k_fu_5389_p2                   |     +    |      0|  0|  13|          13|           1|
    |p_8_fu_9579_p2                 |     +    |      0|  0|   6|           6|           1|
    |p_fu_3419_p2                   |     +    |      0|  0|   6|           6|           1|
    |sizes0_0_value_1_fu_8909_p2    |     +    |      0|  0|  32|          32|           1|
    |sizes1_0_value_1_fu_9075_p2    |     +    |      0|  0|  32|          32|           1|
    |sizes2_0_value_1_fu_9241_p2    |     +    |      0|  0|  32|          32|           1|
    |sizes3_0_value_1_fu_9407_p2    |     +    |      0|  0|  32|          32|           1|
    |sub_ln1234_1_fu_2867_p2        |     -    |      0|  0|  32|          29|          29|
    |sub_ln1234_2_fu_2927_p2        |     -    |      0|  0|  32|          29|          29|
    |sub_ln1234_3_fu_2987_p2        |     -    |      0|  0|  32|          29|          29|
    |sub_ln1234_fu_2807_p2          |     -    |      0|  0|  29|          29|          29|
    |sub_ln304_1_fu_3452_p2         |     -    |      0|  0|  32|          32|          32|
    |sub_ln304_2_fu_6878_p2         |     -    |      0|  0|  32|          32|          32|
    |sub_ln304_3_fu_6921_p2         |     -    |      0|  0|  32|          32|          32|
    |sub_ln304_4_fu_6964_p2         |     -    |      0|  0|  32|          32|          32|
    |sub_ln304_5_fu_7007_p2         |     -    |      0|  0|  32|          32|          32|
    |sub_ln304_fu_3446_p2           |     -    |      0|  0|  32|           1|          32|
    |and_ln1234_1_fu_2895_p2        |    and   |      0|  0|   2|           1|           1|
    |and_ln1234_2_fu_2955_p2        |    and   |      0|  0|   2|           1|           1|
    |and_ln1234_3_fu_3015_p2        |    and   |      0|  0|   2|           1|           1|
    |and_ln1234_fu_2835_p2          |    and   |      0|  0|   2|           1|           1|
    |and_ln330_fu_5781_p2           |    and   |      0|  0|   2|           1|           1|
    |and_ln334_fu_5807_p2           |    and   |      0|  0|   2|           1|           1|
    |and_ln338_fu_5833_p2           |    and   |      0|  0|   2|           1|           1|
    |and_ln342_fu_5859_p2           |    and   |      0|  0|   2|           1|           1|
    |and_ln346_fu_5885_p2           |    and   |      0|  0|   2|           1|           1|
    |and_ln350_fu_5911_p2           |    and   |      0|  0|   2|           1|           1|
    |and_ln354_fu_5937_p2           |    and   |      0|  0|   2|           1|           1|
    |ap_condition_1402              |    and   |      0|  0|   2|           1|           1|
    |ap_condition_287               |    and   |      0|  0|   2|           1|           1|
    |ap_condition_310               |    and   |      0|  0|   2|           1|           1|
    |ap_condition_315               |    and   |      0|  0|   2|           1|           1|
    |ap_condition_320               |    and   |      0|  0|   2|           1|           1|
    |ap_condition_325               |    and   |      0|  0|   2|           1|           1|
    |ap_condition_330               |    and   |      0|  0|   2|           1|           1|
    |ap_condition_335               |    and   |      0|  0|   2|           1|           1|
    |ap_condition_370               |    and   |      0|  0|   2|           1|           1|
    |ap_condition_375               |    and   |      0|  0|   2|           1|           1|
    |ap_condition_380               |    and   |      0|  0|   2|           1|           1|
    |ap_condition_385               |    and   |      0|  0|   2|           1|           1|
    |ap_condition_390               |    and   |      0|  0|   2|           1|           1|
    |ap_condition_395               |    and   |      0|  0|   2|           1|           1|
    |ap_condition_430               |    and   |      0|  0|   2|           1|           1|
    |ap_condition_435               |    and   |      0|  0|   2|           1|           1|
    |ap_condition_440               |    and   |      0|  0|   2|           1|           1|
    |ap_condition_445               |    and   |      0|  0|   2|           1|           1|
    |ap_condition_450               |    and   |      0|  0|   2|           1|           1|
    |ap_condition_455               |    and   |      0|  0|   2|           1|           1|
    |ap_condition_490               |    and   |      0|  0|   2|           1|           1|
    |ap_condition_495               |    and   |      0|  0|   2|           1|           1|
    |ap_condition_500               |    and   |      0|  0|   2|           1|           1|
    |ap_condition_505               |    and   |      0|  0|   2|           1|           1|
    |ap_condition_510               |    and   |      0|  0|   2|           1|           1|
    |ap_condition_515               |    and   |      0|  0|   2|           1|           1|
    |icmp_ln1233_fu_2781_p2         |   icmp   |      0|  0|  20|          32|          32|
    |icmp_ln1234_7_fu_2855_p2       |   icmp   |      0|  0|  20|          32|          32|
    |icmp_ln1234_8_fu_2915_p2       |   icmp   |      0|  0|  20|          32|          32|
    |icmp_ln1234_9_fu_2975_p2       |   icmp   |      0|  0|  20|          32|          32|
    |icmp_ln1234_fu_2793_p2         |   icmp   |      0|  0|  20|          32|          32|
    |icmp_ln2035_fu_3413_p2         |   icmp   |      0|  0|  11|           6|           7|
    |icmp_ln2036_fu_5383_p2         |   icmp   |      0|  0|  13|          13|          14|
    |icmp_ln2045_1_fu_5421_p2       |   icmp   |      0|  0|  20|          32|          32|
    |icmp_ln2045_fu_6866_p2         |   icmp   |      0|  0|  20|          32|          27|
    |icmp_ln2047_1_fu_5426_p2       |   icmp   |      0|  0|  20|          32|          32|
    |icmp_ln2047_fu_6909_p2         |   icmp   |      0|  0|  20|          32|          27|
    |icmp_ln2049_1_fu_5431_p2       |   icmp   |      0|  0|  20|          32|          32|
    |icmp_ln2049_fu_6952_p2         |   icmp   |      0|  0|  20|          32|          27|
    |icmp_ln2051_1_fu_5436_p2       |   icmp   |      0|  0|  20|          32|          32|
    |icmp_ln2051_fu_6995_p2         |   icmp   |      0|  0|  20|          32|          27|
    |icmp_ln2080_fu_9573_p2         |   icmp   |      0|  0|  11|           6|           7|
    |icmp_ln326_fu_5573_p2          |   icmp   |      0|  0|   9|           3|           1|
    |icmp_ln330_fu_5592_p2          |   icmp   |      0|  0|   9|           3|           1|
    |icmp_ln334_fu_5617_p2          |   icmp   |      0|  0|   9|           3|           2|
    |icmp_ln338_fu_5642_p2          |   icmp   |      0|  0|   9|           3|           2|
    |icmp_ln342_fu_5667_p2          |   icmp   |      0|  0|   9|           3|           4|
    |icmp_ln346_fu_5692_p2          |   icmp   |      0|  0|   9|           3|           3|
    |icmp_ln350_fu_5717_p2          |   icmp   |      0|  0|   9|           3|           3|
    |icmp_ln354_fu_5742_p2          |   icmp   |      0|  0|   9|           3|           2|
    |icmp_ln407_1_fu_7735_p2        |   icmp   |      0|  0|  20|          32|          15|
    |icmp_ln407_2_fu_8213_p2        |   icmp   |      0|  0|  20|          32|          15|
    |icmp_ln407_3_fu_8691_p2        |   icmp   |      0|  0|  20|          32|          15|
    |icmp_ln407_fu_7197_p2          |   icmp   |      0|  0|  20|          32|          15|
    |icmp_ln415_1_fu_7763_p2        |   icmp   |      0|  0|   9|           3|           1|
    |icmp_ln415_2_fu_8241_p2        |   icmp   |      0|  0|   9|           3|           1|
    |icmp_ln415_3_fu_8719_p2        |   icmp   |      0|  0|   9|           3|           1|
    |icmp_ln415_fu_7225_p2          |   icmp   |      0|  0|   9|           3|           1|
    |icmp_ln419_1_fu_7769_p2        |   icmp   |      0|  0|   9|           3|           1|
    |icmp_ln419_2_fu_8247_p2        |   icmp   |      0|  0|   9|           3|           1|
    |icmp_ln419_3_fu_8725_p2        |   icmp   |      0|  0|   9|           3|           1|
    |icmp_ln419_fu_7291_p2          |   icmp   |      0|  0|   9|           3|           1|
    |icmp_ln423_1_fu_7775_p2        |   icmp   |      0|  0|   9|           3|           2|
    |icmp_ln423_2_fu_8253_p2        |   icmp   |      0|  0|   9|           3|           2|
    |icmp_ln423_3_fu_8731_p2        |   icmp   |      0|  0|   9|           3|           2|
    |icmp_ln423_fu_7297_p2          |   icmp   |      0|  0|   9|           3|           2|
    |icmp_ln427_1_fu_7781_p2        |   icmp   |      0|  0|   9|           3|           2|
    |icmp_ln427_2_fu_8259_p2        |   icmp   |      0|  0|   9|           3|           2|
    |icmp_ln427_3_fu_8737_p2        |   icmp   |      0|  0|   9|           3|           2|
    |icmp_ln427_fu_7303_p2          |   icmp   |      0|  0|   9|           3|           2|
    |icmp_ln431_1_fu_7787_p2        |   icmp   |      0|  0|   9|           3|           4|
    |icmp_ln431_2_fu_8265_p2        |   icmp   |      0|  0|   9|           3|           4|
    |icmp_ln431_3_fu_8743_p2        |   icmp   |      0|  0|   9|           3|           4|
    |icmp_ln431_fu_7309_p2          |   icmp   |      0|  0|   9|           3|           4|
    |icmp_ln435_1_fu_7793_p2        |   icmp   |      0|  0|   9|           3|           3|
    |icmp_ln435_2_fu_8271_p2        |   icmp   |      0|  0|   9|           3|           3|
    |icmp_ln435_3_fu_8749_p2        |   icmp   |      0|  0|   9|           3|           3|
    |icmp_ln435_fu_7315_p2          |   icmp   |      0|  0|   9|           3|           3|
    |icmp_ln439_1_fu_7799_p2        |   icmp   |      0|  0|   9|           3|           3|
    |icmp_ln439_2_fu_8277_p2        |   icmp   |      0|  0|   9|           3|           3|
    |icmp_ln439_3_fu_8755_p2        |   icmp   |      0|  0|   9|           3|           3|
    |icmp_ln439_fu_7321_p2          |   icmp   |      0|  0|   9|           3|           3|
    |icmp_ln443_1_fu_7805_p2        |   icmp   |      0|  0|   9|           3|           2|
    |icmp_ln443_2_fu_8283_p2        |   icmp   |      0|  0|   9|           3|           2|
    |icmp_ln443_3_fu_8761_p2        |   icmp   |      0|  0|   9|           3|           2|
    |icmp_ln443_fu_7327_p2          |   icmp   |      0|  0|   9|           3|           2|
    |val_1_fu_6926_p2               |   lshr   |      0|  0|  92|          32|          32|
    |val_2_fu_6969_p2               |   lshr   |      0|  0|  92|          32|          32|
    |val_3_fu_7012_p2               |   lshr   |      0|  0|  92|          32|          32|
    |val_fu_6883_p2                 |   lshr   |      0|  0|  92|          32|          32|
    |or_ln2045_fu_6872_p2           |    or    |      0|  0|   2|           1|           1|
    |or_ln2047_fu_6915_p2           |    or    |      0|  0|   2|           1|           1|
    |or_ln2049_fu_6958_p2           |    or    |      0|  0|   2|           1|           1|
    |or_ln2051_fu_7001_p2           |    or    |      0|  0|   2|           1|           1|
    |or_ln330_fu_5795_p2            |    or    |      0|  0|   2|           1|           1|
    |or_ln334_fu_5821_p2            |    or    |      0|  0|   2|           1|           1|
    |or_ln338_fu_5847_p2            |    or    |      0|  0|   2|           1|           1|
    |or_ln342_fu_5873_p2            |    or    |      0|  0|   2|           1|           1|
    |or_ln346_fu_5899_p2            |    or    |      0|  0|   2|           1|           1|
    |or_ln350_fu_5925_p2            |    or    |      0|  0|   2|           1|           1|
    |keyvalue_key_134_fu_5951_p3    |  select  |      0|  0|  32|           1|          32|
    |keyvalue_key_135_fu_5959_p3    |  select  |      0|  0|  32|           1|          32|
    |keyvalue_key_136_fu_5967_p3    |  select  |      0|  0|  32|           1|          32|
    |keyvalue_key_137_fu_5975_p3    |  select  |      0|  0|  32|           1|          32|
    |keyvalue_key_138_fu_5983_p3    |  select  |      0|  0|  32|           1|          32|
    |keyvalue_key_139_fu_5991_p3    |  select  |      0|  0|  32|           1|          32|
    |keyvalue_key_140_fu_5999_p3    |  select  |      0|  0|  32|           1|          32|
    |keyvalue_key_141_fu_6007_p3    |  select  |      0|  0|  32|           1|          32|
    |keyvalue_key_150_fu_6233_p3    |  select  |      0|  0|  32|           1|          32|
    |keyvalue_key_151_fu_6241_p3    |  select  |      0|  0|  32|           1|          32|
    |keyvalue_key_152_fu_6249_p3    |  select  |      0|  0|  32|           1|          32|
    |keyvalue_key_153_fu_6257_p3    |  select  |      0|  0|  32|           1|          32|
    |keyvalue_key_154_fu_6265_p3    |  select  |      0|  0|  32|           1|          32|
    |keyvalue_key_155_fu_6273_p3    |  select  |      0|  0|  32|           1|          32|
    |keyvalue_key_156_fu_6281_p3    |  select  |      0|  0|  32|           1|          32|
    |keyvalue_key_157_fu_6289_p3    |  select  |      0|  0|  32|           1|          32|
    |keyvalue_key_166_fu_6515_p3    |  select  |      0|  0|  32|           1|          32|
    |keyvalue_key_167_fu_6523_p3    |  select  |      0|  0|  32|           1|          32|
    |keyvalue_key_168_fu_6531_p3    |  select  |      0|  0|  32|           1|          32|
    |keyvalue_key_169_fu_6539_p3    |  select  |      0|  0|  32|           1|          32|
    |keyvalue_key_170_fu_6547_p3    |  select  |      0|  0|  32|           1|          32|
    |keyvalue_key_171_fu_6555_p3    |  select  |      0|  0|  32|           1|          32|
    |keyvalue_key_172_fu_6563_p3    |  select  |      0|  0|  32|           1|          32|
    |keyvalue_key_173_fu_6571_p3    |  select  |      0|  0|  32|           1|          32|
    |keyvalue_key_182_fu_6797_p3    |  select  |      0|  0|  32|           1|          32|
    |keyvalue_key_183_fu_6805_p3    |  select  |      0|  0|  32|           1|          32|
    |keyvalue_key_184_fu_6813_p3    |  select  |      0|  0|  32|           1|          32|
    |keyvalue_key_185_fu_6821_p3    |  select  |      0|  0|  32|           1|          32|
    |keyvalue_key_186_fu_6829_p3    |  select  |      0|  0|  32|           1|          32|
    |keyvalue_key_187_fu_6837_p3    |  select  |      0|  0|  32|           1|          32|
    |keyvalue_key_188_fu_6845_p3    |  select  |      0|  0|  32|           1|          32|
    |keyvalue_key_189_fu_6853_p3    |  select  |      0|  0|  32|           1|          32|
    |keyvalue_value_134_fu_5767_p3  |  select  |      0|  0|  32|           1|          32|
    |keyvalue_value_135_fu_5787_p3  |  select  |      0|  0|  32|           1|          32|
    |keyvalue_value_136_fu_5813_p3  |  select  |      0|  0|  32|           1|          32|
    |keyvalue_value_137_fu_5839_p3  |  select  |      0|  0|  32|           1|          32|
    |keyvalue_value_138_fu_5865_p3  |  select  |      0|  0|  32|           1|          32|
    |keyvalue_value_139_fu_5891_p3  |  select  |      0|  0|  32|           1|          32|
    |keyvalue_value_140_fu_5917_p3  |  select  |      0|  0|  32|           1|          32|
    |keyvalue_value_141_fu_5943_p3  |  select  |      0|  0|  32|           1|          32|
    |keyvalue_value_150_fu_6169_p3  |  select  |      0|  0|  32|           1|          32|
    |keyvalue_value_151_fu_6177_p3  |  select  |      0|  0|  32|           1|          32|
    |keyvalue_value_152_fu_6185_p3  |  select  |      0|  0|  32|           1|          32|
    |keyvalue_value_153_fu_6193_p3  |  select  |      0|  0|  32|           1|          32|
    |keyvalue_value_154_fu_6201_p3  |  select  |      0|  0|  32|           1|          32|
    |keyvalue_value_155_fu_6209_p3  |  select  |      0|  0|  32|           1|          32|
    |keyvalue_value_156_fu_6217_p3  |  select  |      0|  0|  32|           1|          32|
    |keyvalue_value_157_fu_6225_p3  |  select  |      0|  0|  32|           1|          32|
    |keyvalue_value_166_fu_6451_p3  |  select  |      0|  0|  32|           1|          32|
    |keyvalue_value_167_fu_6459_p3  |  select  |      0|  0|  32|           1|          32|
    |keyvalue_value_168_fu_6467_p3  |  select  |      0|  0|  32|           1|          32|
    |keyvalue_value_169_fu_6475_p3  |  select  |      0|  0|  32|           1|          32|
    |keyvalue_value_170_fu_6483_p3  |  select  |      0|  0|  32|           1|          32|
    |keyvalue_value_171_fu_6491_p3  |  select  |      0|  0|  32|           1|          32|
    |keyvalue_value_172_fu_6499_p3  |  select  |      0|  0|  32|           1|          32|
    |keyvalue_value_173_fu_6507_p3  |  select  |      0|  0|  32|           1|          32|
    |keyvalue_value_182_fu_6733_p3  |  select  |      0|  0|  32|           1|          32|
    |keyvalue_value_183_fu_6741_p3  |  select  |      0|  0|  32|           1|          32|
    |keyvalue_value_184_fu_6749_p3  |  select  |      0|  0|  32|           1|          32|
    |keyvalue_value_185_fu_6757_p3  |  select  |      0|  0|  32|           1|          32|
    |keyvalue_value_186_fu_6765_p3  |  select  |      0|  0|  32|           1|          32|
    |keyvalue_value_187_fu_6773_p3  |  select  |      0|  0|  32|           1|          32|
    |keyvalue_value_188_fu_6781_p3  |  select  |      0|  0|  32|           1|          32|
    |keyvalue_value_189_fu_6789_p3  |  select  |      0|  0|  32|           1|          32|
    |p0_3_fu_6896_p3                |  select  |      0|  0|  32|           1|          32|
    |p1_3_fu_6939_p3                |  select  |      0|  0|  32|           1|          32|
    |p2_3_fu_6982_p3                |  select  |      0|  0|  32|           1|          32|
    |p3_3_fu_7025_p3                |  select  |      0|  0|  32|           1|          32|
    |select_ln1233_7_fu_2881_p3     |  select  |      0|  0|  13|           1|           1|
    |select_ln1233_8_fu_2941_p3     |  select  |      0|  0|  13|           1|           1|
    |select_ln1233_9_fu_3001_p3     |  select  |      0|  0|  13|           1|           1|
    |select_ln1233_fu_2821_p3       |  select  |      0|  0|  13|           1|           1|
    |select_ln1234_7_fu_2901_p3     |  select  |      0|  0|  32|           1|          32|
    |select_ln1234_8_fu_2961_p3     |  select  |      0|  0|  32|           1|          32|
    |select_ln1234_9_fu_3021_p3     |  select  |      0|  0|  32|           1|          32|
    |select_ln1234_fu_2841_p3       |  select  |      0|  0|  32|           1|          32|
    |select_ln407_1_fu_7741_p3      |  select  |      0|  0|  15|           1|          15|
    |select_ln407_2_fu_8219_p3      |  select  |      0|  0|  15|           1|          15|
    |select_ln407_3_fu_8697_p3      |  select  |      0|  0|  15|           1|          15|
    |select_ln407_fu_7203_p3        |  select  |      0|  0|  15|           1|          15|
    |ap_enable_pp0                  |    xor   |      0|  0|   2|           1|           2|
    |ap_enable_reg_pp0_iter1        |    xor   |      0|  0|   2|           2|           1|
    |xor_ln1233_1_fu_2889_p2        |    xor   |      0|  0|   2|           1|           2|
    |xor_ln1233_2_fu_2949_p2        |    xor   |      0|  0|   2|           1|           2|
    |xor_ln1233_3_fu_3009_p2        |    xor   |      0|  0|   2|           1|           2|
    |xor_ln1233_fu_2829_p2          |    xor   |      0|  0|   2|           1|           2|
    |xor_ln2045_fu_6861_p2          |    xor   |      0|  0|   2|           1|           2|
    |xor_ln2047_fu_6904_p2          |    xor   |      0|  0|   2|           1|           2|
    |xor_ln2049_fu_6947_p2          |    xor   |      0|  0|   2|           1|           2|
    |xor_ln2051_fu_6990_p2          |    xor   |      0|  0|   2|           1|           2|
    |xor_ln326_fu_5775_p2           |    xor   |      0|  0|   2|           1|           2|
    |xor_ln330_fu_5801_p2           |    xor   |      0|  0|   2|           1|           2|
    |xor_ln334_fu_5827_p2           |    xor   |      0|  0|   2|           1|           2|
    |xor_ln338_fu_5853_p2           |    xor   |      0|  0|   2|           1|           2|
    |xor_ln342_fu_5879_p2           |    xor   |      0|  0|   2|           1|           2|
    |xor_ln346_fu_5905_p2           |    xor   |      0|  0|   2|           1|           2|
    |xor_ln350_fu_5931_p2           |    xor   |      0|  0|   2|           1|           2|
    +-------------------------------+----------+-------+---+----+------------+------------+
    |Total                          |          |      0|  0|4561|        1661|        3900|
    +-------------------------------+----------+-------+---+----+------------+------------+

    * Multiplexer: 
    +----------------------------+----+-----------+-----+-----------+
    |            Name            | LUT| Input Size| Bits| Total Bits|
    +----------------------------+----+-----------+-----+-----------+
    |addr_assign_5_reg_2371      |   9|          2|   13|         26|
    |ap_NS_fsm                   |  41|          8|    1|          8|
    |ap_enable_reg_pp0_iter1     |  15|          3|    1|          3|
    |capsule0_value_address0     |  15|          3|    5|         15|
    |capsule1_value_address0     |  15|          3|    5|         15|
    |capsule2_value_address0     |  15|          3|    5|         15|
    |capsule3_value_address0     |  15|          3|    5|         15|
    |destbuffer0_V_address0      |  44|          9|   12|        108|
    |destbuffer0_V_d0            |  44|          9|  512|       4608|
    |destbuffer0_V_we0           |  44|          9|   64|        576|
    |destbuffer1_V_address0      |  44|          9|   12|        108|
    |destbuffer1_V_d0            |  44|          9|  512|       4608|
    |destbuffer1_V_we0           |  44|          9|   64|        576|
    |destbuffer2_V_address0      |  44|          9|   12|        108|
    |destbuffer2_V_d0            |  44|          9|  512|       4608|
    |destbuffer2_V_we0           |  44|          9|   64|        576|
    |destbuffer3_V_address0      |  44|          9|   12|        108|
    |destbuffer3_V_d0            |  44|          9|  512|       4608|
    |destbuffer3_V_we0           |  44|          9|   64|        576|
    |p4_0_reg_2382               |   9|          2|    6|         12|
    |p_0_reg_2360                |   9|          2|    6|         12|
    |sizes0_31_value_2_fu_1510   |   9|          2|   32|         64|
    |sizes0_31_value_33_fu_1386  |   9|          2|   32|         64|
    |sizes0_31_value_34_fu_1390  |   9|          2|   32|         64|
    |sizes0_31_value_35_fu_1394  |   9|          2|   32|         64|
    |sizes0_31_value_36_fu_1398  |   9|          2|   32|         64|
    |sizes0_31_value_37_fu_1402  |   9|          2|   32|         64|
    |sizes0_31_value_38_fu_1406  |   9|          2|   32|         64|
    |sizes0_31_value_39_fu_1410  |   9|          2|   32|         64|
    |sizes0_31_value_40_fu_1414  |   9|          2|   32|         64|
    |sizes0_31_value_41_fu_1418  |   9|          2|   32|         64|
    |sizes0_31_value_42_fu_1422  |   9|          2|   32|         64|
    |sizes0_31_value_43_fu_1426  |   9|          2|   32|         64|
    |sizes0_31_value_44_fu_1430  |   9|          2|   32|         64|
    |sizes0_31_value_45_fu_1434  |   9|          2|   32|         64|
    |sizes0_31_value_46_fu_1438  |   9|          2|   32|         64|
    |sizes0_31_value_47_fu_1442  |   9|          2|   32|         64|
    |sizes0_31_value_48_fu_1446  |   9|          2|   32|         64|
    |sizes0_31_value_49_fu_1450  |   9|          2|   32|         64|
    |sizes0_31_value_50_fu_1454  |   9|          2|   32|         64|
    |sizes0_31_value_51_fu_1458  |   9|          2|   32|         64|
    |sizes0_31_value_52_fu_1462  |   9|          2|   32|         64|
    |sizes0_31_value_53_fu_1466  |   9|          2|   32|         64|
    |sizes0_31_value_54_fu_1470  |   9|          2|   32|         64|
    |sizes0_31_value_55_fu_1474  |   9|          2|   32|         64|
    |sizes0_31_value_56_fu_1478  |   9|          2|   32|         64|
    |sizes0_31_value_57_fu_1482  |   9|          2|   32|         64|
    |sizes0_31_value_58_fu_1486  |   9|          2|   32|         64|
    |sizes0_31_value_59_fu_1490  |   9|          2|   32|         64|
    |sizes0_31_value_60_fu_1494  |   9|          2|   32|         64|
    |sizes0_31_value_61_fu_1498  |   9|          2|   32|         64|
    |sizes0_31_value_62_fu_1502  |   9|          2|   32|         64|
    |sizes0_31_value_63_fu_1506  |   9|          2|   32|         64|
    |sizes1_31_value_2_fu_1638   |   9|          2|   32|         64|
    |sizes1_31_value_33_fu_1514  |   9|          2|   32|         64|
    |sizes1_31_value_34_fu_1518  |   9|          2|   32|         64|
    |sizes1_31_value_35_fu_1522  |   9|          2|   32|         64|
    |sizes1_31_value_36_fu_1526  |   9|          2|   32|         64|
    |sizes1_31_value_37_fu_1530  |   9|          2|   32|         64|
    |sizes1_31_value_38_fu_1534  |   9|          2|   32|         64|
    |sizes1_31_value_39_fu_1538  |   9|          2|   32|         64|
    |sizes1_31_value_40_fu_1542  |   9|          2|   32|         64|
    |sizes1_31_value_41_fu_1546  |   9|          2|   32|         64|
    |sizes1_31_value_42_fu_1550  |   9|          2|   32|         64|
    |sizes1_31_value_43_fu_1554  |   9|          2|   32|         64|
    |sizes1_31_value_44_fu_1558  |   9|          2|   32|         64|
    |sizes1_31_value_45_fu_1562  |   9|          2|   32|         64|
    |sizes1_31_value_46_fu_1566  |   9|          2|   32|         64|
    |sizes1_31_value_47_fu_1570  |   9|          2|   32|         64|
    |sizes1_31_value_48_fu_1574  |   9|          2|   32|         64|
    |sizes1_31_value_49_fu_1578  |   9|          2|   32|         64|
    |sizes1_31_value_50_fu_1582  |   9|          2|   32|         64|
    |sizes1_31_value_51_fu_1586  |   9|          2|   32|         64|
    |sizes1_31_value_52_fu_1590  |   9|          2|   32|         64|
    |sizes1_31_value_53_fu_1594  |   9|          2|   32|         64|
    |sizes1_31_value_54_fu_1598  |   9|          2|   32|         64|
    |sizes1_31_value_55_fu_1602  |   9|          2|   32|         64|
    |sizes1_31_value_56_fu_1606  |   9|          2|   32|         64|
    |sizes1_31_value_57_fu_1610  |   9|          2|   32|         64|
    |sizes1_31_value_58_fu_1614  |   9|          2|   32|         64|
    |sizes1_31_value_59_fu_1618  |   9|          2|   32|         64|
    |sizes1_31_value_60_fu_1622  |   9|          2|   32|         64|
    |sizes1_31_value_61_fu_1626  |   9|          2|   32|         64|
    |sizes1_31_value_62_fu_1630  |   9|          2|   32|         64|
    |sizes1_31_value_63_fu_1634  |   9|          2|   32|         64|
    |sizes2_31_value_2_fu_1766   |   9|          2|   32|         64|
    |sizes2_31_value_33_fu_1642  |   9|          2|   32|         64|
    |sizes2_31_value_34_fu_1646  |   9|          2|   32|         64|
    |sizes2_31_value_35_fu_1650  |   9|          2|   32|         64|
    |sizes2_31_value_36_fu_1654  |   9|          2|   32|         64|
    |sizes2_31_value_37_fu_1658  |   9|          2|   32|         64|
    |sizes2_31_value_38_fu_1662  |   9|          2|   32|         64|
    |sizes2_31_value_39_fu_1666  |   9|          2|   32|         64|
    |sizes2_31_value_40_fu_1670  |   9|          2|   32|         64|
    |sizes2_31_value_41_fu_1674  |   9|          2|   32|         64|
    |sizes2_31_value_42_fu_1678  |   9|          2|   32|         64|
    |sizes2_31_value_43_fu_1682  |   9|          2|   32|         64|
    |sizes2_31_value_44_fu_1686  |   9|          2|   32|         64|
    |sizes2_31_value_45_fu_1690  |   9|          2|   32|         64|
    |sizes2_31_value_46_fu_1694  |   9|          2|   32|         64|
    |sizes2_31_value_47_fu_1698  |   9|          2|   32|         64|
    |sizes2_31_value_48_fu_1702  |   9|          2|   32|         64|
    |sizes2_31_value_49_fu_1706  |   9|          2|   32|         64|
    |sizes2_31_value_50_fu_1710  |   9|          2|   32|         64|
    |sizes2_31_value_51_fu_1714  |   9|          2|   32|         64|
    |sizes2_31_value_52_fu_1718  |   9|          2|   32|         64|
    |sizes2_31_value_53_fu_1722  |   9|          2|   32|         64|
    |sizes2_31_value_54_fu_1726  |   9|          2|   32|         64|
    |sizes2_31_value_55_fu_1730  |   9|          2|   32|         64|
    |sizes2_31_value_56_fu_1734  |   9|          2|   32|         64|
    |sizes2_31_value_57_fu_1738  |   9|          2|   32|         64|
    |sizes2_31_value_58_fu_1742  |   9|          2|   32|         64|
    |sizes2_31_value_59_fu_1746  |   9|          2|   32|         64|
    |sizes2_31_value_60_fu_1750  |   9|          2|   32|         64|
    |sizes2_31_value_61_fu_1754  |   9|          2|   32|         64|
    |sizes2_31_value_62_fu_1758  |   9|          2|   32|         64|
    |sizes2_31_value_63_fu_1762  |   9|          2|   32|         64|
    |sizes3_31_value_2_fu_1894   |   9|          2|   32|         64|
    |sizes3_31_value_33_fu_1770  |   9|          2|   32|         64|
    |sizes3_31_value_34_fu_1774  |   9|          2|   32|         64|
    |sizes3_31_value_35_fu_1778  |   9|          2|   32|         64|
    |sizes3_31_value_36_fu_1782  |   9|          2|   32|         64|
    |sizes3_31_value_37_fu_1786  |   9|          2|   32|         64|
    |sizes3_31_value_38_fu_1790  |   9|          2|   32|         64|
    |sizes3_31_value_39_fu_1794  |   9|          2|   32|         64|
    |sizes3_31_value_40_fu_1798  |   9|          2|   32|         64|
    |sizes3_31_value_41_fu_1802  |   9|          2|   32|         64|
    |sizes3_31_value_42_fu_1806  |   9|          2|   32|         64|
    |sizes3_31_value_43_fu_1810  |   9|          2|   32|         64|
    |sizes3_31_value_44_fu_1814  |   9|          2|   32|         64|
    |sizes3_31_value_45_fu_1818  |   9|          2|   32|         64|
    |sizes3_31_value_46_fu_1822  |   9|          2|   32|         64|
    |sizes3_31_value_47_fu_1826  |   9|          2|   32|         64|
    |sizes3_31_value_48_fu_1830  |   9|          2|   32|         64|
    |sizes3_31_value_49_fu_1834  |   9|          2|   32|         64|
    |sizes3_31_value_50_fu_1838  |   9|          2|   32|         64|
    |sizes3_31_value_51_fu_1842  |   9|          2|   32|         64|
    |sizes3_31_value_52_fu_1846  |   9|          2|   32|         64|
    |sizes3_31_value_53_fu_1850  |   9|          2|   32|         64|
    |sizes3_31_value_54_fu_1854  |   9|          2|   32|         64|
    |sizes3_31_value_55_fu_1858  |   9|          2|   32|         64|
    |sizes3_31_value_56_fu_1862  |   9|          2|   32|         64|
    |sizes3_31_value_57_fu_1866  |   9|          2|   32|         64|
    |sizes3_31_value_58_fu_1870  |   9|          2|   32|         64|
    |sizes3_31_value_59_fu_1874  |   9|          2|   32|         64|
    |sizes3_31_value_60_fu_1878  |   9|          2|   32|         64|
    |sizes3_31_value_61_fu_1882  |   9|          2|   32|         64|
    |sizes3_31_value_62_fu_1886  |   9|          2|   32|         64|
    |sizes3_31_value_63_fu_1890  |   9|          2|   32|         64|
    +----------------------------+----+-----------+-----+-----------+
    |Total                       |1823|        393| 6495|      29481|
    +----------------------------+----+-----------+-----+-----------+

    * Register: 
    +----------------------------+-----+----+-----+-----------+
    |            Name            |  FF | LUT| Bits| Const Bits|
    +----------------------------+-----+----+-----+-----------+
    |add_ln304_reg_12476         |   32|   0|   32|          0|
    |addr_assign_5_reg_2371      |   13|   0|   13|          0|
    |ap_CS_fsm                   |    7|   0|    7|          0|
    |ap_enable_reg_pp0_iter0     |    1|   0|    1|          0|
    |ap_enable_reg_pp0_iter1     |    1|   0|    1|          0|
    |icmp_ln2045_1_reg_12525     |    1|   0|    1|          0|
    |icmp_ln2047_1_reg_12530     |    1|   0|    1|          0|
    |icmp_ln2049_1_reg_12535     |    1|   0|    1|          0|
    |icmp_ln2051_1_reg_12540     |    1|   0|    1|          0|
    |idx_reg_12493               |    3|   0|    3|          0|
    |keyvalue0_0_0_fu_1354       |   32|   0|   32|          0|
    |keyvalue0_1_0_fu_1358       |   32|   0|   32|          0|
    |keyvalue1_0_0_fu_1362       |   32|   0|   32|          0|
    |keyvalue1_1_0_fu_1366       |   32|   0|   32|          0|
    |keyvalue2_0_0_fu_1370       |   32|   0|   32|          0|
    |keyvalue2_1_0_fu_1374       |   32|   0|   32|          0|
    |keyvalue3_0_0_fu_1378       |   32|   0|   32|          0|
    |keyvalue3_1_0_fu_1382       |   32|   0|   32|          0|
    |p0_fu_1350                  |   32|   0|   32|          0|
    |p1_fu_1346                  |   32|   0|   32|          0|
    |p2_fu_1342                  |   32|   0|   32|          0|
    |p3_fu_1338                  |   32|   0|   32|          0|
    |p4_0_reg_2382               |    6|   0|    6|          0|
    |p_0_reg_2360                |    6|   0|    6|          0|
    |p_reg_11459                 |    6|   0|    6|          0|
    |select_ln1234_7_reg_11440   |   29|   0|   32|          3|
    |select_ln1234_8_reg_11445   |   29|   0|   32|          3|
    |select_ln1234_9_reg_11450   |   29|   0|   32|          3|
    |select_ln1234_reg_11435     |   29|   0|   32|          3|
    |sizes0_31_key_10_fu_866     |   32|   0|   32|          0|
    |sizes0_31_key_11_fu_870     |   32|   0|   32|          0|
    |sizes0_31_key_12_fu_874     |   32|   0|   32|          0|
    |sizes0_31_key_13_fu_878     |   32|   0|   32|          0|
    |sizes0_31_key_14_fu_882     |   32|   0|   32|          0|
    |sizes0_31_key_15_fu_886     |   32|   0|   32|          0|
    |sizes0_31_key_16_fu_890     |   32|   0|   32|          0|
    |sizes0_31_key_17_fu_894     |   32|   0|   32|          0|
    |sizes0_31_key_18_fu_898     |   32|   0|   32|          0|
    |sizes0_31_key_19_fu_902     |   32|   0|   32|          0|
    |sizes0_31_key_1_fu_830      |   32|   0|   32|          0|
    |sizes0_31_key_20_fu_906     |   32|   0|   32|          0|
    |sizes0_31_key_21_fu_910     |   32|   0|   32|          0|
    |sizes0_31_key_22_fu_914     |   32|   0|   32|          0|
    |sizes0_31_key_23_fu_918     |   32|   0|   32|          0|
    |sizes0_31_key_24_fu_922     |   32|   0|   32|          0|
    |sizes0_31_key_25_fu_926     |   32|   0|   32|          0|
    |sizes0_31_key_26_fu_930     |   32|   0|   32|          0|
    |sizes0_31_key_27_fu_934     |   32|   0|   32|          0|
    |sizes0_31_key_28_fu_938     |   32|   0|   32|          0|
    |sizes0_31_key_29_fu_942     |   32|   0|   32|          0|
    |sizes0_31_key_2_fu_834      |   32|   0|   32|          0|
    |sizes0_31_key_30_fu_946     |   32|   0|   32|          0|
    |sizes0_31_key_31_fu_950     |   32|   0|   32|          0|
    |sizes0_31_key_3_fu_838      |   32|   0|   32|          0|
    |sizes0_31_key_4_fu_842      |   32|   0|   32|          0|
    |sizes0_31_key_5_fu_846      |   32|   0|   32|          0|
    |sizes0_31_key_6_fu_850      |   32|   0|   32|          0|
    |sizes0_31_key_7_fu_854      |   32|   0|   32|          0|
    |sizes0_31_key_8_fu_858      |   32|   0|   32|          0|
    |sizes0_31_key_9_fu_862      |   32|   0|   32|          0|
    |sizes0_31_key_fu_826        |   32|   0|   32|          0|
    |sizes0_31_value_10_fu_350   |   32|   0|   32|          0|
    |sizes0_31_value_11_fu_354   |   32|   0|   32|          0|
    |sizes0_31_value_12_fu_358   |   32|   0|   32|          0|
    |sizes0_31_value_13_fu_362   |   32|   0|   32|          0|
    |sizes0_31_value_14_fu_366   |   32|   0|   32|          0|
    |sizes0_31_value_15_fu_370   |   32|   0|   32|          0|
    |sizes0_31_value_16_fu_374   |   32|   0|   32|          0|
    |sizes0_31_value_17_fu_378   |   32|   0|   32|          0|
    |sizes0_31_value_18_fu_382   |   32|   0|   32|          0|
    |sizes0_31_value_19_fu_386   |   32|   0|   32|          0|
    |sizes0_31_value_1_fu_318    |   32|   0|   32|          0|
    |sizes0_31_value_20_fu_390   |   32|   0|   32|          0|
    |sizes0_31_value_21_fu_394   |   32|   0|   32|          0|
    |sizes0_31_value_22_fu_398   |   32|   0|   32|          0|
    |sizes0_31_value_23_fu_402   |   32|   0|   32|          0|
    |sizes0_31_value_24_fu_406   |   32|   0|   32|          0|
    |sizes0_31_value_25_fu_410   |   32|   0|   32|          0|
    |sizes0_31_value_26_fu_414   |   32|   0|   32|          0|
    |sizes0_31_value_27_fu_418   |   32|   0|   32|          0|
    |sizes0_31_value_28_fu_422   |   32|   0|   32|          0|
    |sizes0_31_value_29_fu_426   |   32|   0|   32|          0|
    |sizes0_31_value_2_fu_1510   |   32|   0|   32|          0|
    |sizes0_31_value_30_fu_430   |   32|   0|   32|          0|
    |sizes0_31_value_31_fu_434   |   32|   0|   32|          0|
    |sizes0_31_value_32_fu_438   |   32|   0|   32|          0|
    |sizes0_31_value_33_fu_1386  |   32|   0|   32|          0|
    |sizes0_31_value_34_fu_1390  |   32|   0|   32|          0|
    |sizes0_31_value_35_fu_1394  |   32|   0|   32|          0|
    |sizes0_31_value_36_fu_1398  |   32|   0|   32|          0|
    |sizes0_31_value_37_fu_1402  |   32|   0|   32|          0|
    |sizes0_31_value_38_fu_1406  |   32|   0|   32|          0|
    |sizes0_31_value_39_fu_1410  |   32|   0|   32|          0|
    |sizes0_31_value_3_fu_322    |   32|   0|   32|          0|
    |sizes0_31_value_40_fu_1414  |   32|   0|   32|          0|
    |sizes0_31_value_41_fu_1418  |   32|   0|   32|          0|
    |sizes0_31_value_42_fu_1422  |   32|   0|   32|          0|
    |sizes0_31_value_43_fu_1426  |   32|   0|   32|          0|
    |sizes0_31_value_44_fu_1430  |   32|   0|   32|          0|
    |sizes0_31_value_45_fu_1434  |   32|   0|   32|          0|
    |sizes0_31_value_46_fu_1438  |   32|   0|   32|          0|
    |sizes0_31_value_47_fu_1442  |   32|   0|   32|          0|
    |sizes0_31_value_48_fu_1446  |   32|   0|   32|          0|
    |sizes0_31_value_49_fu_1450  |   32|   0|   32|          0|
    |sizes0_31_value_4_fu_326    |   32|   0|   32|          0|
    |sizes0_31_value_50_fu_1454  |   32|   0|   32|          0|
    |sizes0_31_value_51_fu_1458  |   32|   0|   32|          0|
    |sizes0_31_value_52_fu_1462  |   32|   0|   32|          0|
    |sizes0_31_value_53_fu_1466  |   32|   0|   32|          0|
    |sizes0_31_value_54_fu_1470  |   32|   0|   32|          0|
    |sizes0_31_value_55_fu_1474  |   32|   0|   32|          0|
    |sizes0_31_value_56_fu_1478  |   32|   0|   32|          0|
    |sizes0_31_value_57_fu_1482  |   32|   0|   32|          0|
    |sizes0_31_value_58_fu_1486  |   32|   0|   32|          0|
    |sizes0_31_value_59_fu_1490  |   32|   0|   32|          0|
    |sizes0_31_value_5_fu_330    |   32|   0|   32|          0|
    |sizes0_31_value_60_fu_1494  |   32|   0|   32|          0|
    |sizes0_31_value_61_fu_1498  |   32|   0|   32|          0|
    |sizes0_31_value_62_fu_1502  |   32|   0|   32|          0|
    |sizes0_31_value_63_fu_1506  |   32|   0|   32|          0|
    |sizes0_31_value_6_fu_334    |   32|   0|   32|          0|
    |sizes0_31_value_7_fu_338    |   32|   0|   32|          0|
    |sizes0_31_value_8_fu_342    |   32|   0|   32|          0|
    |sizes0_31_value_9_fu_346    |   32|   0|   32|          0|
    |sizes0_31_value_fu_314      |   32|   0|   32|          0|
    |sizes1_31_key_10_fu_994     |   32|   0|   32|          0|
    |sizes1_31_key_11_fu_998     |   32|   0|   32|          0|
    |sizes1_31_key_12_fu_1002    |   32|   0|   32|          0|
    |sizes1_31_key_13_fu_1006    |   32|   0|   32|          0|
    |sizes1_31_key_14_fu_1010    |   32|   0|   32|          0|
    |sizes1_31_key_15_fu_1014    |   32|   0|   32|          0|
    |sizes1_31_key_16_fu_1018    |   32|   0|   32|          0|
    |sizes1_31_key_17_fu_1022    |   32|   0|   32|          0|
    |sizes1_31_key_18_fu_1026    |   32|   0|   32|          0|
    |sizes1_31_key_19_fu_1030    |   32|   0|   32|          0|
    |sizes1_31_key_1_fu_958      |   32|   0|   32|          0|
    |sizes1_31_key_20_fu_1034    |   32|   0|   32|          0|
    |sizes1_31_key_21_fu_1038    |   32|   0|   32|          0|
    |sizes1_31_key_22_fu_1042    |   32|   0|   32|          0|
    |sizes1_31_key_23_fu_1046    |   32|   0|   32|          0|
    |sizes1_31_key_24_fu_1050    |   32|   0|   32|          0|
    |sizes1_31_key_25_fu_1054    |   32|   0|   32|          0|
    |sizes1_31_key_26_fu_1058    |   32|   0|   32|          0|
    |sizes1_31_key_27_fu_1062    |   32|   0|   32|          0|
    |sizes1_31_key_28_fu_1066    |   32|   0|   32|          0|
    |sizes1_31_key_29_fu_1070    |   32|   0|   32|          0|
    |sizes1_31_key_2_fu_962      |   32|   0|   32|          0|
    |sizes1_31_key_30_fu_1074    |   32|   0|   32|          0|
    |sizes1_31_key_31_fu_1078    |   32|   0|   32|          0|
    |sizes1_31_key_3_fu_966      |   32|   0|   32|          0|
    |sizes1_31_key_4_fu_970      |   32|   0|   32|          0|
    |sizes1_31_key_5_fu_974      |   32|   0|   32|          0|
    |sizes1_31_key_6_fu_978      |   32|   0|   32|          0|
    |sizes1_31_key_7_fu_982      |   32|   0|   32|          0|
    |sizes1_31_key_8_fu_986      |   32|   0|   32|          0|
    |sizes1_31_key_9_fu_990      |   32|   0|   32|          0|
    |sizes1_31_key_fu_954        |   32|   0|   32|          0|
    |sizes1_31_value_10_fu_478   |   32|   0|   32|          0|
    |sizes1_31_value_11_fu_482   |   32|   0|   32|          0|
    |sizes1_31_value_12_fu_486   |   32|   0|   32|          0|
    |sizes1_31_value_13_fu_490   |   32|   0|   32|          0|
    |sizes1_31_value_14_fu_494   |   32|   0|   32|          0|
    |sizes1_31_value_15_fu_498   |   32|   0|   32|          0|
    |sizes1_31_value_16_fu_502   |   32|   0|   32|          0|
    |sizes1_31_value_17_fu_506   |   32|   0|   32|          0|
    |sizes1_31_value_18_fu_510   |   32|   0|   32|          0|
    |sizes1_31_value_19_fu_514   |   32|   0|   32|          0|
    |sizes1_31_value_1_fu_446    |   32|   0|   32|          0|
    |sizes1_31_value_20_fu_518   |   32|   0|   32|          0|
    |sizes1_31_value_21_fu_522   |   32|   0|   32|          0|
    |sizes1_31_value_22_fu_526   |   32|   0|   32|          0|
    |sizes1_31_value_23_fu_530   |   32|   0|   32|          0|
    |sizes1_31_value_24_fu_534   |   32|   0|   32|          0|
    |sizes1_31_value_25_fu_538   |   32|   0|   32|          0|
    |sizes1_31_value_26_fu_542   |   32|   0|   32|          0|
    |sizes1_31_value_27_fu_546   |   32|   0|   32|          0|
    |sizes1_31_value_28_fu_550   |   32|   0|   32|          0|
    |sizes1_31_value_29_fu_554   |   32|   0|   32|          0|
    |sizes1_31_value_2_fu_1638   |   32|   0|   32|          0|
    |sizes1_31_value_30_fu_558   |   32|   0|   32|          0|
    |sizes1_31_value_31_fu_562   |   32|   0|   32|          0|
    |sizes1_31_value_32_fu_566   |   32|   0|   32|          0|
    |sizes1_31_value_33_fu_1514  |   32|   0|   32|          0|
    |sizes1_31_value_34_fu_1518  |   32|   0|   32|          0|
    |sizes1_31_value_35_fu_1522  |   32|   0|   32|          0|
    |sizes1_31_value_36_fu_1526  |   32|   0|   32|          0|
    |sizes1_31_value_37_fu_1530  |   32|   0|   32|          0|
    |sizes1_31_value_38_fu_1534  |   32|   0|   32|          0|
    |sizes1_31_value_39_fu_1538  |   32|   0|   32|          0|
    |sizes1_31_value_3_fu_450    |   32|   0|   32|          0|
    |sizes1_31_value_40_fu_1542  |   32|   0|   32|          0|
    |sizes1_31_value_41_fu_1546  |   32|   0|   32|          0|
    |sizes1_31_value_42_fu_1550  |   32|   0|   32|          0|
    |sizes1_31_value_43_fu_1554  |   32|   0|   32|          0|
    |sizes1_31_value_44_fu_1558  |   32|   0|   32|          0|
    |sizes1_31_value_45_fu_1562  |   32|   0|   32|          0|
    |sizes1_31_value_46_fu_1566  |   32|   0|   32|          0|
    |sizes1_31_value_47_fu_1570  |   32|   0|   32|          0|
    |sizes1_31_value_48_fu_1574  |   32|   0|   32|          0|
    |sizes1_31_value_49_fu_1578  |   32|   0|   32|          0|
    |sizes1_31_value_4_fu_454    |   32|   0|   32|          0|
    |sizes1_31_value_50_fu_1582  |   32|   0|   32|          0|
    |sizes1_31_value_51_fu_1586  |   32|   0|   32|          0|
    |sizes1_31_value_52_fu_1590  |   32|   0|   32|          0|
    |sizes1_31_value_53_fu_1594  |   32|   0|   32|          0|
    |sizes1_31_value_54_fu_1598  |   32|   0|   32|          0|
    |sizes1_31_value_55_fu_1602  |   32|   0|   32|          0|
    |sizes1_31_value_56_fu_1606  |   32|   0|   32|          0|
    |sizes1_31_value_57_fu_1610  |   32|   0|   32|          0|
    |sizes1_31_value_58_fu_1614  |   32|   0|   32|          0|
    |sizes1_31_value_59_fu_1618  |   32|   0|   32|          0|
    |sizes1_31_value_5_fu_458    |   32|   0|   32|          0|
    |sizes1_31_value_60_fu_1622  |   32|   0|   32|          0|
    |sizes1_31_value_61_fu_1626  |   32|   0|   32|          0|
    |sizes1_31_value_62_fu_1630  |   32|   0|   32|          0|
    |sizes1_31_value_63_fu_1634  |   32|   0|   32|          0|
    |sizes1_31_value_6_fu_462    |   32|   0|   32|          0|
    |sizes1_31_value_7_fu_466    |   32|   0|   32|          0|
    |sizes1_31_value_8_fu_470    |   32|   0|   32|          0|
    |sizes1_31_value_9_fu_474    |   32|   0|   32|          0|
    |sizes1_31_value_fu_442      |   32|   0|   32|          0|
    |sizes2_31_key_10_fu_1122    |   32|   0|   32|          0|
    |sizes2_31_key_11_fu_1126    |   32|   0|   32|          0|
    |sizes2_31_key_12_fu_1130    |   32|   0|   32|          0|
    |sizes2_31_key_13_fu_1134    |   32|   0|   32|          0|
    |sizes2_31_key_14_fu_1138    |   32|   0|   32|          0|
    |sizes2_31_key_15_fu_1142    |   32|   0|   32|          0|
    |sizes2_31_key_16_fu_1146    |   32|   0|   32|          0|
    |sizes2_31_key_17_fu_1150    |   32|   0|   32|          0|
    |sizes2_31_key_18_fu_1154    |   32|   0|   32|          0|
    |sizes2_31_key_19_fu_1158    |   32|   0|   32|          0|
    |sizes2_31_key_1_fu_1086     |   32|   0|   32|          0|
    |sizes2_31_key_20_fu_1162    |   32|   0|   32|          0|
    |sizes2_31_key_21_fu_1166    |   32|   0|   32|          0|
    |sizes2_31_key_22_fu_1170    |   32|   0|   32|          0|
    |sizes2_31_key_23_fu_1174    |   32|   0|   32|          0|
    |sizes2_31_key_24_fu_1178    |   32|   0|   32|          0|
    |sizes2_31_key_25_fu_1182    |   32|   0|   32|          0|
    |sizes2_31_key_26_fu_1186    |   32|   0|   32|          0|
    |sizes2_31_key_27_fu_1190    |   32|   0|   32|          0|
    |sizes2_31_key_28_fu_1194    |   32|   0|   32|          0|
    |sizes2_31_key_29_fu_1198    |   32|   0|   32|          0|
    |sizes2_31_key_2_fu_1090     |   32|   0|   32|          0|
    |sizes2_31_key_30_fu_1202    |   32|   0|   32|          0|
    |sizes2_31_key_31_fu_1206    |   32|   0|   32|          0|
    |sizes2_31_key_3_fu_1094     |   32|   0|   32|          0|
    |sizes2_31_key_4_fu_1098     |   32|   0|   32|          0|
    |sizes2_31_key_5_fu_1102     |   32|   0|   32|          0|
    |sizes2_31_key_6_fu_1106     |   32|   0|   32|          0|
    |sizes2_31_key_7_fu_1110     |   32|   0|   32|          0|
    |sizes2_31_key_8_fu_1114     |   32|   0|   32|          0|
    |sizes2_31_key_9_fu_1118     |   32|   0|   32|          0|
    |sizes2_31_key_fu_1082       |   32|   0|   32|          0|
    |sizes2_31_value_10_fu_606   |   32|   0|   32|          0|
    |sizes2_31_value_11_fu_610   |   32|   0|   32|          0|
    |sizes2_31_value_12_fu_614   |   32|   0|   32|          0|
    |sizes2_31_value_13_fu_618   |   32|   0|   32|          0|
    |sizes2_31_value_14_fu_622   |   32|   0|   32|          0|
    |sizes2_31_value_15_fu_626   |   32|   0|   32|          0|
    |sizes2_31_value_16_fu_630   |   32|   0|   32|          0|
    |sizes2_31_value_17_fu_634   |   32|   0|   32|          0|
    |sizes2_31_value_18_fu_638   |   32|   0|   32|          0|
    |sizes2_31_value_19_fu_642   |   32|   0|   32|          0|
    |sizes2_31_value_1_fu_574    |   32|   0|   32|          0|
    |sizes2_31_value_20_fu_646   |   32|   0|   32|          0|
    |sizes2_31_value_21_fu_650   |   32|   0|   32|          0|
    |sizes2_31_value_22_fu_654   |   32|   0|   32|          0|
    |sizes2_31_value_23_fu_658   |   32|   0|   32|          0|
    |sizes2_31_value_24_fu_662   |   32|   0|   32|          0|
    |sizes2_31_value_25_fu_666   |   32|   0|   32|          0|
    |sizes2_31_value_26_fu_670   |   32|   0|   32|          0|
    |sizes2_31_value_27_fu_674   |   32|   0|   32|          0|
    |sizes2_31_value_28_fu_678   |   32|   0|   32|          0|
    |sizes2_31_value_29_fu_682   |   32|   0|   32|          0|
    |sizes2_31_value_2_fu_1766   |   32|   0|   32|          0|
    |sizes2_31_value_30_fu_686   |   32|   0|   32|          0|
    |sizes2_31_value_31_fu_690   |   32|   0|   32|          0|
    |sizes2_31_value_32_fu_694   |   32|   0|   32|          0|
    |sizes2_31_value_33_fu_1642  |   32|   0|   32|          0|
    |sizes2_31_value_34_fu_1646  |   32|   0|   32|          0|
    |sizes2_31_value_35_fu_1650  |   32|   0|   32|          0|
    |sizes2_31_value_36_fu_1654  |   32|   0|   32|          0|
    |sizes2_31_value_37_fu_1658  |   32|   0|   32|          0|
    |sizes2_31_value_38_fu_1662  |   32|   0|   32|          0|
    |sizes2_31_value_39_fu_1666  |   32|   0|   32|          0|
    |sizes2_31_value_3_fu_578    |   32|   0|   32|          0|
    |sizes2_31_value_40_fu_1670  |   32|   0|   32|          0|
    |sizes2_31_value_41_fu_1674  |   32|   0|   32|          0|
    |sizes2_31_value_42_fu_1678  |   32|   0|   32|          0|
    |sizes2_31_value_43_fu_1682  |   32|   0|   32|          0|
    |sizes2_31_value_44_fu_1686  |   32|   0|   32|          0|
    |sizes2_31_value_45_fu_1690  |   32|   0|   32|          0|
    |sizes2_31_value_46_fu_1694  |   32|   0|   32|          0|
    |sizes2_31_value_47_fu_1698  |   32|   0|   32|          0|
    |sizes2_31_value_48_fu_1702  |   32|   0|   32|          0|
    |sizes2_31_value_49_fu_1706  |   32|   0|   32|          0|
    |sizes2_31_value_4_fu_582    |   32|   0|   32|          0|
    |sizes2_31_value_50_fu_1710  |   32|   0|   32|          0|
    |sizes2_31_value_51_fu_1714  |   32|   0|   32|          0|
    |sizes2_31_value_52_fu_1718  |   32|   0|   32|          0|
    |sizes2_31_value_53_fu_1722  |   32|   0|   32|          0|
    |sizes2_31_value_54_fu_1726  |   32|   0|   32|          0|
    |sizes2_31_value_55_fu_1730  |   32|   0|   32|          0|
    |sizes2_31_value_56_fu_1734  |   32|   0|   32|          0|
    |sizes2_31_value_57_fu_1738  |   32|   0|   32|          0|
    |sizes2_31_value_58_fu_1742  |   32|   0|   32|          0|
    |sizes2_31_value_59_fu_1746  |   32|   0|   32|          0|
    |sizes2_31_value_5_fu_586    |   32|   0|   32|          0|
    |sizes2_31_value_60_fu_1750  |   32|   0|   32|          0|
    |sizes2_31_value_61_fu_1754  |   32|   0|   32|          0|
    |sizes2_31_value_62_fu_1758  |   32|   0|   32|          0|
    |sizes2_31_value_63_fu_1762  |   32|   0|   32|          0|
    |sizes2_31_value_6_fu_590    |   32|   0|   32|          0|
    |sizes2_31_value_7_fu_594    |   32|   0|   32|          0|
    |sizes2_31_value_8_fu_598    |   32|   0|   32|          0|
    |sizes2_31_value_9_fu_602    |   32|   0|   32|          0|
    |sizes2_31_value_fu_570      |   32|   0|   32|          0|
    |sizes3_31_key_10_fu_1250    |   32|   0|   32|          0|
    |sizes3_31_key_11_fu_1254    |   32|   0|   32|          0|
    |sizes3_31_key_12_fu_1258    |   32|   0|   32|          0|
    |sizes3_31_key_13_fu_1262    |   32|   0|   32|          0|
    |sizes3_31_key_14_fu_1266    |   32|   0|   32|          0|
    |sizes3_31_key_15_fu_1270    |   32|   0|   32|          0|
    |sizes3_31_key_16_fu_1274    |   32|   0|   32|          0|
    |sizes3_31_key_17_fu_1278    |   32|   0|   32|          0|
    |sizes3_31_key_18_fu_1282    |   32|   0|   32|          0|
    |sizes3_31_key_19_fu_1286    |   32|   0|   32|          0|
    |sizes3_31_key_1_fu_1214     |   32|   0|   32|          0|
    |sizes3_31_key_20_fu_1290    |   32|   0|   32|          0|
    |sizes3_31_key_21_fu_1294    |   32|   0|   32|          0|
    |sizes3_31_key_22_fu_1298    |   32|   0|   32|          0|
    |sizes3_31_key_23_fu_1302    |   32|   0|   32|          0|
    |sizes3_31_key_24_fu_1306    |   32|   0|   32|          0|
    |sizes3_31_key_25_fu_1310    |   32|   0|   32|          0|
    |sizes3_31_key_26_fu_1314    |   32|   0|   32|          0|
    |sizes3_31_key_27_fu_1318    |   32|   0|   32|          0|
    |sizes3_31_key_28_fu_1322    |   32|   0|   32|          0|
    |sizes3_31_key_29_fu_1326    |   32|   0|   32|          0|
    |sizes3_31_key_2_fu_1218     |   32|   0|   32|          0|
    |sizes3_31_key_30_fu_1330    |   32|   0|   32|          0|
    |sizes3_31_key_31_fu_1334    |   32|   0|   32|          0|
    |sizes3_31_key_3_fu_1222     |   32|   0|   32|          0|
    |sizes3_31_key_4_fu_1226     |   32|   0|   32|          0|
    |sizes3_31_key_5_fu_1230     |   32|   0|   32|          0|
    |sizes3_31_key_6_fu_1234     |   32|   0|   32|          0|
    |sizes3_31_key_7_fu_1238     |   32|   0|   32|          0|
    |sizes3_31_key_8_fu_1242     |   32|   0|   32|          0|
    |sizes3_31_key_9_fu_1246     |   32|   0|   32|          0|
    |sizes3_31_key_fu_1210       |   32|   0|   32|          0|
    |sizes3_31_value_10_fu_734   |   32|   0|   32|          0|
    |sizes3_31_value_11_fu_738   |   32|   0|   32|          0|
    |sizes3_31_value_12_fu_742   |   32|   0|   32|          0|
    |sizes3_31_value_13_fu_746   |   32|   0|   32|          0|
    |sizes3_31_value_14_fu_750   |   32|   0|   32|          0|
    |sizes3_31_value_15_fu_754   |   32|   0|   32|          0|
    |sizes3_31_value_16_fu_758   |   32|   0|   32|          0|
    |sizes3_31_value_17_fu_762   |   32|   0|   32|          0|
    |sizes3_31_value_18_fu_766   |   32|   0|   32|          0|
    |sizes3_31_value_19_fu_770   |   32|   0|   32|          0|
    |sizes3_31_value_1_fu_702    |   32|   0|   32|          0|
    |sizes3_31_value_20_fu_774   |   32|   0|   32|          0|
    |sizes3_31_value_21_fu_778   |   32|   0|   32|          0|
    |sizes3_31_value_22_fu_782   |   32|   0|   32|          0|
    |sizes3_31_value_23_fu_786   |   32|   0|   32|          0|
    |sizes3_31_value_24_fu_790   |   32|   0|   32|          0|
    |sizes3_31_value_25_fu_794   |   32|   0|   32|          0|
    |sizes3_31_value_26_fu_798   |   32|   0|   32|          0|
    |sizes3_31_value_27_fu_802   |   32|   0|   32|          0|
    |sizes3_31_value_28_fu_806   |   32|   0|   32|          0|
    |sizes3_31_value_29_fu_810   |   32|   0|   32|          0|
    |sizes3_31_value_2_fu_1894   |   32|   0|   32|          0|
    |sizes3_31_value_30_fu_814   |   32|   0|   32|          0|
    |sizes3_31_value_31_fu_818   |   32|   0|   32|          0|
    |sizes3_31_value_32_fu_822   |   32|   0|   32|          0|
    |sizes3_31_value_33_fu_1770  |   32|   0|   32|          0|
    |sizes3_31_value_34_fu_1774  |   32|   0|   32|          0|
    |sizes3_31_value_35_fu_1778  |   32|   0|   32|          0|
    |sizes3_31_value_36_fu_1782  |   32|   0|   32|          0|
    |sizes3_31_value_37_fu_1786  |   32|   0|   32|          0|
    |sizes3_31_value_38_fu_1790  |   32|   0|   32|          0|
    |sizes3_31_value_39_fu_1794  |   32|   0|   32|          0|
    |sizes3_31_value_3_fu_706    |   32|   0|   32|          0|
    |sizes3_31_value_40_fu_1798  |   32|   0|   32|          0|
    |sizes3_31_value_41_fu_1802  |   32|   0|   32|          0|
    |sizes3_31_value_42_fu_1806  |   32|   0|   32|          0|
    |sizes3_31_value_43_fu_1810  |   32|   0|   32|          0|
    |sizes3_31_value_44_fu_1814  |   32|   0|   32|          0|
    |sizes3_31_value_45_fu_1818  |   32|   0|   32|          0|
    |sizes3_31_value_46_fu_1822  |   32|   0|   32|          0|
    |sizes3_31_value_47_fu_1826  |   32|   0|   32|          0|
    |sizes3_31_value_48_fu_1830  |   32|   0|   32|          0|
    |sizes3_31_value_49_fu_1834  |   32|   0|   32|          0|
    |sizes3_31_value_4_fu_710    |   32|   0|   32|          0|
    |sizes3_31_value_50_fu_1838  |   32|   0|   32|          0|
    |sizes3_31_value_51_fu_1842  |   32|   0|   32|          0|
    |sizes3_31_value_52_fu_1846  |   32|   0|   32|          0|
    |sizes3_31_value_53_fu_1850  |   32|   0|   32|          0|
    |sizes3_31_value_54_fu_1854  |   32|   0|   32|          0|
    |sizes3_31_value_55_fu_1858  |   32|   0|   32|          0|
    |sizes3_31_value_56_fu_1862  |   32|   0|   32|          0|
    |sizes3_31_value_57_fu_1866  |   32|   0|   32|          0|
    |sizes3_31_value_58_fu_1870  |   32|   0|   32|          0|
    |sizes3_31_value_59_fu_1874  |   32|   0|   32|          0|
    |sizes3_31_value_5_fu_714    |   32|   0|   32|          0|
    |sizes3_31_value_60_fu_1878  |   32|   0|   32|          0|
    |sizes3_31_value_61_fu_1882  |   32|   0|   32|          0|
    |sizes3_31_value_62_fu_1886  |   32|   0|   32|          0|
    |sizes3_31_value_63_fu_1890  |   32|   0|   32|          0|
    |sizes3_31_value_6_fu_718    |   32|   0|   32|          0|
    |sizes3_31_value_7_fu_722    |   32|   0|   32|          0|
    |sizes3_31_value_8_fu_726    |   32|   0|   32|          0|
    |sizes3_31_value_9_fu_730    |   32|   0|   32|          0|
    |sizes3_31_value_fu_698      |   32|   0|   32|          0|
    |trunc_ln2035_reg_11469      |    5|   0|    5|          0|
    +----------------------------+-----+----+-----+-----------+
    |Total                       |12872|   0|12884|         12|
    +----------------------------+-----+----+-----+-----------+



================================================================
== Interface
================================================================
* Summary: 
+--------------------------+-----+-----+------------+-----------------------+--------------+
|         RTL Ports        | Dir | Bits|  Protocol  |     Source Object     |    C Type    |
+--------------------------+-----+-----+------------+-----------------------+--------------+
|ap_clk                    |  in |    1| ap_ctrl_hs |  partitionkeyvalues00 | return value |
|ap_rst                    |  in |    1| ap_ctrl_hs |  partitionkeyvalues00 | return value |
|ap_start                  |  in |    1| ap_ctrl_hs |  partitionkeyvalues00 | return value |
|ap_done                   | out |    1| ap_ctrl_hs |  partitionkeyvalues00 | return value |
|ap_idle                   | out |    1| ap_ctrl_hs |  partitionkeyvalues00 | return value |
|ap_ready                  | out |    1| ap_ctrl_hs |  partitionkeyvalues00 | return value |
|enable                    |  in |    1|   ap_none  |         enable        |    scalar    |
|sourcebuffer0_V_address0  | out |    9|  ap_memory |    sourcebuffer0_V    |     array    |
|sourcebuffer0_V_ce0       | out |    1|  ap_memory |    sourcebuffer0_V    |     array    |
|sourcebuffer0_V_q0        |  in |  512|  ap_memory |    sourcebuffer0_V    |     array    |
|sourcebuffer1_V_address0  | out |    9|  ap_memory |    sourcebuffer1_V    |     array    |
|sourcebuffer1_V_ce0       | out |    1|  ap_memory |    sourcebuffer1_V    |     array    |
|sourcebuffer1_V_q0        |  in |  512|  ap_memory |    sourcebuffer1_V    |     array    |
|sourcebuffer2_V_address0  | out |    9|  ap_memory |    sourcebuffer2_V    |     array    |
|sourcebuffer2_V_ce0       | out |    1|  ap_memory |    sourcebuffer2_V    |     array    |
|sourcebuffer2_V_q0        |  in |  512|  ap_memory |    sourcebuffer2_V    |     array    |
|sourcebuffer3_V_address0  | out |    9|  ap_memory |    sourcebuffer3_V    |     array    |
|sourcebuffer3_V_ce0       | out |    1|  ap_memory |    sourcebuffer3_V    |     array    |
|sourcebuffer3_V_q0        |  in |  512|  ap_memory |    sourcebuffer3_V    |     array    |
|destbuffer0_V_address0    | out |   12|  ap_memory |     destbuffer0_V     |     array    |
|destbuffer0_V_ce0         | out |    1|  ap_memory |     destbuffer0_V     |     array    |
|destbuffer0_V_we0         | out |   64|  ap_memory |     destbuffer0_V     |     array    |
|destbuffer0_V_d0          | out |  512|  ap_memory |     destbuffer0_V     |     array    |
|destbuffer1_V_address0    | out |   12|  ap_memory |     destbuffer1_V     |     array    |
|destbuffer1_V_ce0         | out |    1|  ap_memory |     destbuffer1_V     |     array    |
|destbuffer1_V_we0         | out |   64|  ap_memory |     destbuffer1_V     |     array    |
|destbuffer1_V_d0          | out |  512|  ap_memory |     destbuffer1_V     |     array    |
|destbuffer2_V_address0    | out |   12|  ap_memory |     destbuffer2_V     |     array    |
|destbuffer2_V_ce0         | out |    1|  ap_memory |     destbuffer2_V     |     array    |
|destbuffer2_V_we0         | out |   64|  ap_memory |     destbuffer2_V     |     array    |
|destbuffer2_V_d0          | out |  512|  ap_memory |     destbuffer2_V     |     array    |
|destbuffer3_V_address0    | out |   12|  ap_memory |     destbuffer3_V     |     array    |
|destbuffer3_V_ce0         | out |    1|  ap_memory |     destbuffer3_V     |     array    |
|destbuffer3_V_we0         | out |   64|  ap_memory |     destbuffer3_V     |     array    |
|destbuffer3_V_d0          | out |  512|  ap_memory |     destbuffer3_V     |     array    |
|capsule0_key_address0     | out |    5|  ap_memory |      capsule0_key     |     array    |
|capsule0_key_ce0          | out |    1|  ap_memory |      capsule0_key     |     array    |
|capsule0_key_q0           |  in |   32|  ap_memory |      capsule0_key     |     array    |
|capsule0_value_address0   | out |    5|  ap_memory |     capsule0_value    |     array    |
|capsule0_value_ce0        | out |    1|  ap_memory |     capsule0_value    |     array    |
|capsule0_value_we0        | out |    1|  ap_memory |     capsule0_value    |     array    |
|capsule0_value_d0         | out |   32|  ap_memory |     capsule0_value    |     array    |
|capsule0_value_q0         |  in |   32|  ap_memory |     capsule0_value    |     array    |
|capsule1_key_address0     | out |    5|  ap_memory |      capsule1_key     |     array    |
|capsule1_key_ce0          | out |    1|  ap_memory |      capsule1_key     |     array    |
|capsule1_key_q0           |  in |   32|  ap_memory |      capsule1_key     |     array    |
|capsule1_value_address0   | out |    5|  ap_memory |     capsule1_value    |     array    |
|capsule1_value_ce0        | out |    1|  ap_memory |     capsule1_value    |     array    |
|capsule1_value_we0        | out |    1|  ap_memory |     capsule1_value    |     array    |
|capsule1_value_d0         | out |   32|  ap_memory |     capsule1_value    |     array    |
|capsule1_value_q0         |  in |   32|  ap_memory |     capsule1_value    |     array    |
|capsule2_key_address0     | out |    5|  ap_memory |      capsule2_key     |     array    |
|capsule2_key_ce0          | out |    1|  ap_memory |      capsule2_key     |     array    |
|capsule2_key_q0           |  in |   32|  ap_memory |      capsule2_key     |     array    |
|capsule2_value_address0   | out |    5|  ap_memory |     capsule2_value    |     array    |
|capsule2_value_ce0        | out |    1|  ap_memory |     capsule2_value    |     array    |
|capsule2_value_we0        | out |    1|  ap_memory |     capsule2_value    |     array    |
|capsule2_value_d0         | out |   32|  ap_memory |     capsule2_value    |     array    |
|capsule2_value_q0         |  in |   32|  ap_memory |     capsule2_value    |     array    |
|capsule3_key_address0     | out |    5|  ap_memory |      capsule3_key     |     array    |
|capsule3_key_ce0          | out |    1|  ap_memory |      capsule3_key     |     array    |
|capsule3_key_q0           |  in |   32|  ap_memory |      capsule3_key     |     array    |
|capsule3_value_address0   | out |    5|  ap_memory |     capsule3_value    |     array    |
|capsule3_value_ce0        | out |    1|  ap_memory |     capsule3_value    |     array    |
|capsule3_value_we0        | out |    1|  ap_memory |     capsule3_value    |     array    |
|capsule3_value_d0         | out |   32|  ap_memory |     capsule3_value    |     array    |
|capsule3_value_q0         |  in |   32|  ap_memory |     capsule3_value    |     array    |
|travstate_i_kvs           |  in |   32|   ap_none  |    travstate_i_kvs    |    scalar    |
|travstate_end_kvs         |  in |   30|   ap_none  |   travstate_end_kvs   |    scalar    |
|llopparams_currentLOP     |  in |   32|   ap_none  | llopparams_currentLOP |    scalar    |
|llopparams_upperlimit     |  in |   32|   ap_none  | llopparams_upperlimit |    scalar    |
+--------------------------+-----+-----+------------+-----------------------+--------------+

