

================================================================
== Vivado HLS Report for 'readkeyvalues0_1'
================================================================
* Date:           Mon Jul 27 23:31:39 2020

* Version:        2019.1.3 (Build 2642998 on Wed Sep 04 10:25:22 MDT 2019)
* Project:        actsofagraph
* Solution:       solution1
* Product family: virtexuplus
* Target device:  xcvu9p-fsgd2104-2-i


================================================================
== Performance Estimates
================================================================
+ Timing (ns): 
    * Summary: 
    +--------+-------+----------+------------+
    |  Clock | Target| Estimated| Uncertainty|
    +--------+-------+----------+------------+
    |ap_clk  |  10.00|     8.750|        1.25|
    +--------+-------+----------+------------+

+ Latency (clock cycles): 
    * Summary: 
    +-----+-----+-----+-----+---------+
    |  Latency  |  Interval | Pipeline|
    | min | max | min | max |   Type  |
    +-----+-----+-----+-----+---------+
    |  266|  266|  266|  266|   none  |
    +-----+-----+-----+-----+---------+

    + Detail: 
        * Instance: 
        N/A

        * Loop: 
        +----------------------+-----+-----+----------+-----------+-----------+------+----------+
        |                      |  Latency  | Iteration|  Initiation Interval  | Trip |          |
        |       Loop Name      | min | max |  Latency |  achieved |   target  | Count| Pipelined|
        +----------------------+-----+-----+----------+-----------+-----------+------+----------+
        |- READKEYVALUES_LOOP  |  257|  257|         3|          1|          1|   256|    yes   |
        +----------------------+-----+-----+----------+-----------+-----------+------+----------+



================================================================
== Utilization Estimates
================================================================
* Summary: 
+---------------------+---------+-------+---------+---------+-----+
|         Name        | BRAM_18K| DSP48E|    FF   |   LUT   | URAM|
+---------------------+---------+-------+---------+---------+-----+
|DSP                  |        -|      -|        -|        -|    -|
|Expression           |        -|      -|        0|       61|    -|
|FIFO                 |        -|      -|        -|        -|    -|
|Instance             |        -|      -|        -|        -|    -|
|Memory               |        -|      -|        -|        -|    -|
|Multiplexer          |        -|      -|        -|      104|    -|
|Register             |        -|      -|      585|        -|    -|
+---------------------+---------+-------+---------+---------+-----+
|Total                |        0|      0|      585|      165|    0|
+---------------------+---------+-------+---------+---------+-----+
|Available SLR        |     1440|   2280|   788160|   394080|  320|
+---------------------+---------+-------+---------+---------+-----+
|Utilization SLR (%)  |        0|      0|    ~0   |    ~0   |    0|
+---------------------+---------+-------+---------+---------+-----+
|Available            |     4320|   6840|  2364480|  1182240|  960|
+---------------------+---------+-------+---------+---------+-----+
|Utilization (%)      |        0|      0|    ~0   |    ~0   |    0|
+---------------------+---------+-------+---------+---------+-----+

+ Detail: 
    * Instance: 
    N/A

    * DSP48E: 
    N/A

    * Memory: 
    N/A

    * FIFO: 
    N/A

    * Expression: 
    +-----------------------------------+----------+-------+---+----+------------+------------+
    |           Variable Name           | Operation| DSP48E| FF| LUT| Bitwidth P0| Bitwidth P1|
    +-----------------------------------+----------+-------+---+----+------------+------------+
    |add_ln681_fu_1118_p2               |     +    |      0|  0|  31|          31|          31|
    |i_fu_1140_p2                       |     +    |      0|  0|   9|           9|           1|
    |ap_block_pp0_stage0_11001          |    and   |      0|  0|   2|           1|           1|
    |ap_block_state10_pp0_stage0_iter1  |    and   |      0|  0|   2|           1|           1|
    |icmp_ln1305_fu_1134_p2             |   icmp   |      0|  0|  13|           9|          10|
    |ap_enable_pp0                      |    xor   |      0|  0|   2|           1|           2|
    |ap_enable_reg_pp0_iter1            |    xor   |      0|  0|   2|           2|           1|
    +-----------------------------------+----------+-------+---+----+------------+------------+
    |Total                              |          |      0|  0|  61|          54|          47|
    +-----------------------------------+----------+-------+---+----+------------+------------+

    * Multiplexer: 
    +-------------------------------+----+-----------+-----+-----------+
    |              Name             | LUT| Input Size| Bits| Total Bits|
    +-------------------------------+----+-----------+-----+-----------+
    |ap_NS_fsm                      |  50|         11|    1|         11|
    |ap_enable_reg_pp0_iter1        |   9|          2|    1|          2|
    |ap_enable_reg_pp0_iter2        |   9|          2|    1|          2|
    |ap_phi_mux_i_0_phi_fu_1102_p4  |   9|          2|    9|         18|
    |i_0_reg_1098                   |   9|          2|    9|         18|
    |kvdram_V_blk_n_AR              |   9|          2|    1|          2|
    |kvdram_V_blk_n_R               |   9|          2|    1|          2|
    +-------------------------------+----+-----------+-----+-----------+
    |Total                          | 104|         23|   23|         55|
    +-------------------------------+----+-----------+-----+-----------+

    * Register: 
    +------------------------------------+----+----+-----+-----------+
    |                Name                | FF | LUT| Bits| Const Bits|
    +------------------------------------+----+----+-----+-----------+
    |add_ln681_reg_1368                  |  31|   0|   31|          0|
    |ap_CS_fsm                           |  10|   0|   10|          0|
    |ap_enable_reg_pp0_iter0             |   1|   0|    1|          0|
    |ap_enable_reg_pp0_iter1             |   1|   0|    1|          0|
    |ap_enable_reg_pp0_iter2             |   1|   0|    1|          0|
    |i_0_reg_1098                        |   9|   0|    9|          0|
    |i_0_reg_1098_pp0_iter1_reg          |   9|   0|    9|          0|
    |i_reg_1383                          |   9|   0|    9|          0|
    |icmp_ln1305_reg_1379                |   1|   0|    1|          0|
    |icmp_ln1305_reg_1379_pp0_iter1_reg  |   1|   0|    1|          0|
    |p_Result_10_reg_1476                |  32|   0|   32|          0|
    |p_Result_11_reg_1484                |  32|   0|   32|          0|
    |p_Result_12_reg_1492                |  32|   0|   32|          0|
    |p_Result_13_reg_1500                |  32|   0|   32|          0|
    |p_Result_14_reg_1508                |  32|   0|   32|          0|
    |p_Result_1_reg_1404                 |  32|   0|   32|          0|
    |p_Result_2_reg_1412                 |  32|   0|   32|          0|
    |p_Result_3_reg_1420                 |  32|   0|   32|          0|
    |p_Result_4_reg_1428                 |  32|   0|   32|          0|
    |p_Result_5_reg_1436                 |  32|   0|   32|          0|
    |p_Result_6_reg_1444                 |  32|   0|   32|          0|
    |p_Result_7_reg_1452                 |  32|   0|   32|          0|
    |p_Result_8_reg_1460                 |  32|   0|   32|          0|
    |p_Result_9_reg_1468                 |  32|   0|   32|          0|
    |p_Result_s_reg_1396                 |  32|   0|   32|          0|
    |trunc_ln681_reg_1388                |  32|   0|   32|          0|
    +------------------------------------+----+----+-----+-----------+
    |Total                               | 585|   0|  585|          0|
    +------------------------------------+----+----+-----+-----------+



================================================================
== Interface
================================================================
* Summary: 
+-------------------------+-----+-----+------------+------------------+--------------+
|        RTL Ports        | Dir | Bits|  Protocol  |   Source Object  |    C Type    |
+-------------------------+-----+-----+------------+------------------+--------------+
|ap_clk                   |  in |    1| ap_ctrl_hs | readkeyvalues0.1 | return value |
|ap_rst                   |  in |    1| ap_ctrl_hs | readkeyvalues0.1 | return value |
|ap_start                 |  in |    1| ap_ctrl_hs | readkeyvalues0.1 | return value |
|ap_done                  | out |    1| ap_ctrl_hs | readkeyvalues0.1 | return value |
|ap_idle                  | out |    1| ap_ctrl_hs | readkeyvalues0.1 | return value |
|ap_ready                 | out |    1| ap_ctrl_hs | readkeyvalues0.1 | return value |
|m_axi_kvdram_V_AWVALID   | out |    1|    m_axi   |     kvdram_V     |    pointer   |
|m_axi_kvdram_V_AWREADY   |  in |    1|    m_axi   |     kvdram_V     |    pointer   |
|m_axi_kvdram_V_AWADDR    | out |   32|    m_axi   |     kvdram_V     |    pointer   |
|m_axi_kvdram_V_AWID      | out |    1|    m_axi   |     kvdram_V     |    pointer   |
|m_axi_kvdram_V_AWLEN     | out |   32|    m_axi   |     kvdram_V     |    pointer   |
|m_axi_kvdram_V_AWSIZE    | out |    3|    m_axi   |     kvdram_V     |    pointer   |
|m_axi_kvdram_V_AWBURST   | out |    2|    m_axi   |     kvdram_V     |    pointer   |
|m_axi_kvdram_V_AWLOCK    | out |    2|    m_axi   |     kvdram_V     |    pointer   |
|m_axi_kvdram_V_AWCACHE   | out |    4|    m_axi   |     kvdram_V     |    pointer   |
|m_axi_kvdram_V_AWPROT    | out |    3|    m_axi   |     kvdram_V     |    pointer   |
|m_axi_kvdram_V_AWQOS     | out |    4|    m_axi   |     kvdram_V     |    pointer   |
|m_axi_kvdram_V_AWREGION  | out |    4|    m_axi   |     kvdram_V     |    pointer   |
|m_axi_kvdram_V_AWUSER    | out |    1|    m_axi   |     kvdram_V     |    pointer   |
|m_axi_kvdram_V_WVALID    | out |    1|    m_axi   |     kvdram_V     |    pointer   |
|m_axi_kvdram_V_WREADY    |  in |    1|    m_axi   |     kvdram_V     |    pointer   |
|m_axi_kvdram_V_WDATA     | out |  512|    m_axi   |     kvdram_V     |    pointer   |
|m_axi_kvdram_V_WSTRB     | out |   64|    m_axi   |     kvdram_V     |    pointer   |
|m_axi_kvdram_V_WLAST     | out |    1|    m_axi   |     kvdram_V     |    pointer   |
|m_axi_kvdram_V_WID       | out |    1|    m_axi   |     kvdram_V     |    pointer   |
|m_axi_kvdram_V_WUSER     | out |    1|    m_axi   |     kvdram_V     |    pointer   |
|m_axi_kvdram_V_ARVALID   | out |    1|    m_axi   |     kvdram_V     |    pointer   |
|m_axi_kvdram_V_ARREADY   |  in |    1|    m_axi   |     kvdram_V     |    pointer   |
|m_axi_kvdram_V_ARADDR    | out |   32|    m_axi   |     kvdram_V     |    pointer   |
|m_axi_kvdram_V_ARID      | out |    1|    m_axi   |     kvdram_V     |    pointer   |
|m_axi_kvdram_V_ARLEN     | out |   32|    m_axi   |     kvdram_V     |    pointer   |
|m_axi_kvdram_V_ARSIZE    | out |    3|    m_axi   |     kvdram_V     |    pointer   |
|m_axi_kvdram_V_ARBURST   | out |    2|    m_axi   |     kvdram_V     |    pointer   |
|m_axi_kvdram_V_ARLOCK    | out |    2|    m_axi   |     kvdram_V     |    pointer   |
|m_axi_kvdram_V_ARCACHE   | out |    4|    m_axi   |     kvdram_V     |    pointer   |
|m_axi_kvdram_V_ARPROT    | out |    3|    m_axi   |     kvdram_V     |    pointer   |
|m_axi_kvdram_V_ARQOS     | out |    4|    m_axi   |     kvdram_V     |    pointer   |
|m_axi_kvdram_V_ARREGION  | out |    4|    m_axi   |     kvdram_V     |    pointer   |
|m_axi_kvdram_V_ARUSER    | out |    1|    m_axi   |     kvdram_V     |    pointer   |
|m_axi_kvdram_V_RVALID    |  in |    1|    m_axi   |     kvdram_V     |    pointer   |
|m_axi_kvdram_V_RREADY    | out |    1|    m_axi   |     kvdram_V     |    pointer   |
|m_axi_kvdram_V_RDATA     |  in |  512|    m_axi   |     kvdram_V     |    pointer   |
|m_axi_kvdram_V_RLAST     |  in |    1|    m_axi   |     kvdram_V     |    pointer   |
|m_axi_kvdram_V_RID       |  in |    1|    m_axi   |     kvdram_V     |    pointer   |
|m_axi_kvdram_V_RUSER     |  in |    1|    m_axi   |     kvdram_V     |    pointer   |
|m_axi_kvdram_V_RRESP     |  in |    2|    m_axi   |     kvdram_V     |    pointer   |
|m_axi_kvdram_V_BVALID    |  in |    1|    m_axi   |     kvdram_V     |    pointer   |
|m_axi_kvdram_V_BREADY    | out |    1|    m_axi   |     kvdram_V     |    pointer   |
|m_axi_kvdram_V_BRESP     |  in |    2|    m_axi   |     kvdram_V     |    pointer   |
|m_axi_kvdram_V_BID       |  in |    1|    m_axi   |     kvdram_V     |    pointer   |
|m_axi_kvdram_V_BUSER     |  in |    1|    m_axi   |     kvdram_V     |    pointer   |
|kvdram_V_offset          |  in |   26|   ap_none  |  kvdram_V_offset |    scalar    |
|buffer00_key_address0    | out |   12|  ap_memory |   buffer00_key   |     array    |
|buffer00_key_ce0         | out |    1|  ap_memory |   buffer00_key   |     array    |
|buffer00_key_we0         | out |    1|  ap_memory |   buffer00_key   |     array    |
|buffer00_key_d0          | out |   32|  ap_memory |   buffer00_key   |     array    |
|buffer00_value_address0  | out |   12|  ap_memory |  buffer00_value  |     array    |
|buffer00_value_ce0       | out |    1|  ap_memory |  buffer00_value  |     array    |
|buffer00_value_we0       | out |    1|  ap_memory |  buffer00_value  |     array    |
|buffer00_value_d0        | out |   32|  ap_memory |  buffer00_value  |     array    |
|buffer01_key_address0    | out |   12|  ap_memory |   buffer01_key   |     array    |
|buffer01_key_ce0         | out |    1|  ap_memory |   buffer01_key   |     array    |
|buffer01_key_we0         | out |    1|  ap_memory |   buffer01_key   |     array    |
|buffer01_key_d0          | out |   32|  ap_memory |   buffer01_key   |     array    |
|buffer01_value_address0  | out |   12|  ap_memory |  buffer01_value  |     array    |
|buffer01_value_ce0       | out |    1|  ap_memory |  buffer01_value  |     array    |
|buffer01_value_we0       | out |    1|  ap_memory |  buffer01_value  |     array    |
|buffer01_value_d0        | out |   32|  ap_memory |  buffer01_value  |     array    |
|buffer02_key_address0    | out |   12|  ap_memory |   buffer02_key   |     array    |
|buffer02_key_ce0         | out |    1|  ap_memory |   buffer02_key   |     array    |
|buffer02_key_we0         | out |    1|  ap_memory |   buffer02_key   |     array    |
|buffer02_key_d0          | out |   32|  ap_memory |   buffer02_key   |     array    |
|buffer02_value_address0  | out |   12|  ap_memory |  buffer02_value  |     array    |
|buffer02_value_ce0       | out |    1|  ap_memory |  buffer02_value  |     array    |
|buffer02_value_we0       | out |    1|  ap_memory |  buffer02_value  |     array    |
|buffer02_value_d0        | out |   32|  ap_memory |  buffer02_value  |     array    |
|buffer03_key_address0    | out |   12|  ap_memory |   buffer03_key   |     array    |
|buffer03_key_ce0         | out |    1|  ap_memory |   buffer03_key   |     array    |
|buffer03_key_we0         | out |    1|  ap_memory |   buffer03_key   |     array    |
|buffer03_key_d0          | out |   32|  ap_memory |   buffer03_key   |     array    |
|buffer03_value_address0  | out |   12|  ap_memory |  buffer03_value  |     array    |
|buffer03_value_ce0       | out |    1|  ap_memory |  buffer03_value  |     array    |
|buffer03_value_we0       | out |    1|  ap_memory |  buffer03_value  |     array    |
|buffer03_value_d0        | out |   32|  ap_memory |  buffer03_value  |     array    |
|buffer04_key_address0    | out |   12|  ap_memory |   buffer04_key   |     array    |
|buffer04_key_ce0         | out |    1|  ap_memory |   buffer04_key   |     array    |
|buffer04_key_we0         | out |    1|  ap_memory |   buffer04_key   |     array    |
|buffer04_key_d0          | out |   32|  ap_memory |   buffer04_key   |     array    |
|buffer04_value_address0  | out |   12|  ap_memory |  buffer04_value  |     array    |
|buffer04_value_ce0       | out |    1|  ap_memory |  buffer04_value  |     array    |
|buffer04_value_we0       | out |    1|  ap_memory |  buffer04_value  |     array    |
|buffer04_value_d0        | out |   32|  ap_memory |  buffer04_value  |     array    |
|buffer05_key_address0    | out |   12|  ap_memory |   buffer05_key   |     array    |
|buffer05_key_ce0         | out |    1|  ap_memory |   buffer05_key   |     array    |
|buffer05_key_we0         | out |    1|  ap_memory |   buffer05_key   |     array    |
|buffer05_key_d0          | out |   32|  ap_memory |   buffer05_key   |     array    |
|buffer05_value_address0  | out |   12|  ap_memory |  buffer05_value  |     array    |
|buffer05_value_ce0       | out |    1|  ap_memory |  buffer05_value  |     array    |
|buffer05_value_we0       | out |    1|  ap_memory |  buffer05_value  |     array    |
|buffer05_value_d0        | out |   32|  ap_memory |  buffer05_value  |     array    |
|buffer06_key_address0    | out |   12|  ap_memory |   buffer06_key   |     array    |
|buffer06_key_ce0         | out |    1|  ap_memory |   buffer06_key   |     array    |
|buffer06_key_we0         | out |    1|  ap_memory |   buffer06_key   |     array    |
|buffer06_key_d0          | out |   32|  ap_memory |   buffer06_key   |     array    |
|buffer06_value_address0  | out |   12|  ap_memory |  buffer06_value  |     array    |
|buffer06_value_ce0       | out |    1|  ap_memory |  buffer06_value  |     array    |
|buffer06_value_we0       | out |    1|  ap_memory |  buffer06_value  |     array    |
|buffer06_value_d0        | out |   32|  ap_memory |  buffer06_value  |     array    |
|buffer07_key_address0    | out |   12|  ap_memory |   buffer07_key   |     array    |
|buffer07_key_ce0         | out |    1|  ap_memory |   buffer07_key   |     array    |
|buffer07_key_we0         | out |    1|  ap_memory |   buffer07_key   |     array    |
|buffer07_key_d0          | out |   32|  ap_memory |   buffer07_key   |     array    |
|buffer07_value_address0  | out |   12|  ap_memory |  buffer07_value  |     array    |
|buffer07_value_ce0       | out |    1|  ap_memory |  buffer07_value  |     array    |
|buffer07_value_we0       | out |    1|  ap_memory |  buffer07_value  |     array    |
|buffer07_value_d0        | out |   32|  ap_memory |  buffer07_value  |     array    |
|buffer10_key_address0    | out |   12|  ap_memory |   buffer10_key   |     array    |
|buffer10_key_ce0         | out |    1|  ap_memory |   buffer10_key   |     array    |
|buffer10_key_we0         | out |    1|  ap_memory |   buffer10_key   |     array    |
|buffer10_key_d0          | out |   32|  ap_memory |   buffer10_key   |     array    |
|buffer10_value_address0  | out |   12|  ap_memory |  buffer10_value  |     array    |
|buffer10_value_ce0       | out |    1|  ap_memory |  buffer10_value  |     array    |
|buffer10_value_we0       | out |    1|  ap_memory |  buffer10_value  |     array    |
|buffer10_value_d0        | out |   32|  ap_memory |  buffer10_value  |     array    |
|buffer11_key_address0    | out |   12|  ap_memory |   buffer11_key   |     array    |
|buffer11_key_ce0         | out |    1|  ap_memory |   buffer11_key   |     array    |
|buffer11_key_we0         | out |    1|  ap_memory |   buffer11_key   |     array    |
|buffer11_key_d0          | out |   32|  ap_memory |   buffer11_key   |     array    |
|buffer11_value_address0  | out |   12|  ap_memory |  buffer11_value  |     array    |
|buffer11_value_ce0       | out |    1|  ap_memory |  buffer11_value  |     array    |
|buffer11_value_we0       | out |    1|  ap_memory |  buffer11_value  |     array    |
|buffer11_value_d0        | out |   32|  ap_memory |  buffer11_value  |     array    |
|buffer12_key_address0    | out |   12|  ap_memory |   buffer12_key   |     array    |
|buffer12_key_ce0         | out |    1|  ap_memory |   buffer12_key   |     array    |
|buffer12_key_we0         | out |    1|  ap_memory |   buffer12_key   |     array    |
|buffer12_key_d0          | out |   32|  ap_memory |   buffer12_key   |     array    |
|buffer12_value_address0  | out |   12|  ap_memory |  buffer12_value  |     array    |
|buffer12_value_ce0       | out |    1|  ap_memory |  buffer12_value  |     array    |
|buffer12_value_we0       | out |    1|  ap_memory |  buffer12_value  |     array    |
|buffer12_value_d0        | out |   32|  ap_memory |  buffer12_value  |     array    |
|buffer13_key_address0    | out |   12|  ap_memory |   buffer13_key   |     array    |
|buffer13_key_ce0         | out |    1|  ap_memory |   buffer13_key   |     array    |
|buffer13_key_we0         | out |    1|  ap_memory |   buffer13_key   |     array    |
|buffer13_key_d0          | out |   32|  ap_memory |   buffer13_key   |     array    |
|buffer13_value_address0  | out |   12|  ap_memory |  buffer13_value  |     array    |
|buffer13_value_ce0       | out |    1|  ap_memory |  buffer13_value  |     array    |
|buffer13_value_we0       | out |    1|  ap_memory |  buffer13_value  |     array    |
|buffer13_value_d0        | out |   32|  ap_memory |  buffer13_value  |     array    |
|buffer14_key_address0    | out |   12|  ap_memory |   buffer14_key   |     array    |
|buffer14_key_ce0         | out |    1|  ap_memory |   buffer14_key   |     array    |
|buffer14_key_we0         | out |    1|  ap_memory |   buffer14_key   |     array    |
|buffer14_key_d0          | out |   32|  ap_memory |   buffer14_key   |     array    |
|buffer14_value_address0  | out |   12|  ap_memory |  buffer14_value  |     array    |
|buffer14_value_ce0       | out |    1|  ap_memory |  buffer14_value  |     array    |
|buffer14_value_we0       | out |    1|  ap_memory |  buffer14_value  |     array    |
|buffer14_value_d0        | out |   32|  ap_memory |  buffer14_value  |     array    |
|buffer15_key_address0    | out |   12|  ap_memory |   buffer15_key   |     array    |
|buffer15_key_ce0         | out |    1|  ap_memory |   buffer15_key   |     array    |
|buffer15_key_we0         | out |    1|  ap_memory |   buffer15_key   |     array    |
|buffer15_key_d0          | out |   32|  ap_memory |   buffer15_key   |     array    |
|buffer15_value_address0  | out |   12|  ap_memory |  buffer15_value  |     array    |
|buffer15_value_ce0       | out |    1|  ap_memory |  buffer15_value  |     array    |
|buffer15_value_we0       | out |    1|  ap_memory |  buffer15_value  |     array    |
|buffer15_value_d0        | out |   32|  ap_memory |  buffer15_value  |     array    |
|buffer16_key_address0    | out |   12|  ap_memory |   buffer16_key   |     array    |
|buffer16_key_ce0         | out |    1|  ap_memory |   buffer16_key   |     array    |
|buffer16_key_we0         | out |    1|  ap_memory |   buffer16_key   |     array    |
|buffer16_key_d0          | out |   32|  ap_memory |   buffer16_key   |     array    |
|buffer16_value_address0  | out |   12|  ap_memory |  buffer16_value  |     array    |
|buffer16_value_ce0       | out |    1|  ap_memory |  buffer16_value  |     array    |
|buffer16_value_we0       | out |    1|  ap_memory |  buffer16_value  |     array    |
|buffer16_value_d0        | out |   32|  ap_memory |  buffer16_value  |     array    |
|buffer17_key_address0    | out |   12|  ap_memory |   buffer17_key   |     array    |
|buffer17_key_ce0         | out |    1|  ap_memory |   buffer17_key   |     array    |
|buffer17_key_we0         | out |    1|  ap_memory |   buffer17_key   |     array    |
|buffer17_key_d0          | out |   32|  ap_memory |   buffer17_key   |     array    |
|buffer17_value_address0  | out |   12|  ap_memory |  buffer17_value  |     array    |
|buffer17_value_ce0       | out |    1|  ap_memory |  buffer17_value  |     array    |
|buffer17_value_we0       | out |    1|  ap_memory |  buffer17_value  |     array    |
|buffer17_value_d0        | out |   32|  ap_memory |  buffer17_value  |     array    |
|buffer20_key_address0    | out |   12|  ap_memory |   buffer20_key   |     array    |
|buffer20_key_ce0         | out |    1|  ap_memory |   buffer20_key   |     array    |
|buffer20_key_we0         | out |    1|  ap_memory |   buffer20_key   |     array    |
|buffer20_key_d0          | out |   32|  ap_memory |   buffer20_key   |     array    |
|buffer20_value_address0  | out |   12|  ap_memory |  buffer20_value  |     array    |
|buffer20_value_ce0       | out |    1|  ap_memory |  buffer20_value  |     array    |
|buffer20_value_we0       | out |    1|  ap_memory |  buffer20_value  |     array    |
|buffer20_value_d0        | out |   32|  ap_memory |  buffer20_value  |     array    |
|buffer21_key_address0    | out |   12|  ap_memory |   buffer21_key   |     array    |
|buffer21_key_ce0         | out |    1|  ap_memory |   buffer21_key   |     array    |
|buffer21_key_we0         | out |    1|  ap_memory |   buffer21_key   |     array    |
|buffer21_key_d0          | out |   32|  ap_memory |   buffer21_key   |     array    |
|buffer21_value_address0  | out |   12|  ap_memory |  buffer21_value  |     array    |
|buffer21_value_ce0       | out |    1|  ap_memory |  buffer21_value  |     array    |
|buffer21_value_we0       | out |    1|  ap_memory |  buffer21_value  |     array    |
|buffer21_value_d0        | out |   32|  ap_memory |  buffer21_value  |     array    |
|buffer22_key_address0    | out |   12|  ap_memory |   buffer22_key   |     array    |
|buffer22_key_ce0         | out |    1|  ap_memory |   buffer22_key   |     array    |
|buffer22_key_we0         | out |    1|  ap_memory |   buffer22_key   |     array    |
|buffer22_key_d0          | out |   32|  ap_memory |   buffer22_key   |     array    |
|buffer22_value_address0  | out |   12|  ap_memory |  buffer22_value  |     array    |
|buffer22_value_ce0       | out |    1|  ap_memory |  buffer22_value  |     array    |
|buffer22_value_we0       | out |    1|  ap_memory |  buffer22_value  |     array    |
|buffer22_value_d0        | out |   32|  ap_memory |  buffer22_value  |     array    |
|buffer23_key_address0    | out |   12|  ap_memory |   buffer23_key   |     array    |
|buffer23_key_ce0         | out |    1|  ap_memory |   buffer23_key   |     array    |
|buffer23_key_we0         | out |    1|  ap_memory |   buffer23_key   |     array    |
|buffer23_key_d0          | out |   32|  ap_memory |   buffer23_key   |     array    |
|buffer23_value_address0  | out |   12|  ap_memory |  buffer23_value  |     array    |
|buffer23_value_ce0       | out |    1|  ap_memory |  buffer23_value  |     array    |
|buffer23_value_we0       | out |    1|  ap_memory |  buffer23_value  |     array    |
|buffer23_value_d0        | out |   32|  ap_memory |  buffer23_value  |     array    |
|buffer24_key_address0    | out |   12|  ap_memory |   buffer24_key   |     array    |
|buffer24_key_ce0         | out |    1|  ap_memory |   buffer24_key   |     array    |
|buffer24_key_we0         | out |    1|  ap_memory |   buffer24_key   |     array    |
|buffer24_key_d0          | out |   32|  ap_memory |   buffer24_key   |     array    |
|buffer24_value_address0  | out |   12|  ap_memory |  buffer24_value  |     array    |
|buffer24_value_ce0       | out |    1|  ap_memory |  buffer24_value  |     array    |
|buffer24_value_we0       | out |    1|  ap_memory |  buffer24_value  |     array    |
|buffer24_value_d0        | out |   32|  ap_memory |  buffer24_value  |     array    |
|buffer25_key_address0    | out |   12|  ap_memory |   buffer25_key   |     array    |
|buffer25_key_ce0         | out |    1|  ap_memory |   buffer25_key   |     array    |
|buffer25_key_we0         | out |    1|  ap_memory |   buffer25_key   |     array    |
|buffer25_key_d0          | out |   32|  ap_memory |   buffer25_key   |     array    |
|buffer25_value_address0  | out |   12|  ap_memory |  buffer25_value  |     array    |
|buffer25_value_ce0       | out |    1|  ap_memory |  buffer25_value  |     array    |
|buffer25_value_we0       | out |    1|  ap_memory |  buffer25_value  |     array    |
|buffer25_value_d0        | out |   32|  ap_memory |  buffer25_value  |     array    |
|buffer26_key_address0    | out |   12|  ap_memory |   buffer26_key   |     array    |
|buffer26_key_ce0         | out |    1|  ap_memory |   buffer26_key   |     array    |
|buffer26_key_we0         | out |    1|  ap_memory |   buffer26_key   |     array    |
|buffer26_key_d0          | out |   32|  ap_memory |   buffer26_key   |     array    |
|buffer26_value_address0  | out |   12|  ap_memory |  buffer26_value  |     array    |
|buffer26_value_ce0       | out |    1|  ap_memory |  buffer26_value  |     array    |
|buffer26_value_we0       | out |    1|  ap_memory |  buffer26_value  |     array    |
|buffer26_value_d0        | out |   32|  ap_memory |  buffer26_value  |     array    |
|buffer27_key_address0    | out |   12|  ap_memory |   buffer27_key   |     array    |
|buffer27_key_ce0         | out |    1|  ap_memory |   buffer27_key   |     array    |
|buffer27_key_we0         | out |    1|  ap_memory |   buffer27_key   |     array    |
|buffer27_key_d0          | out |   32|  ap_memory |   buffer27_key   |     array    |
|buffer27_value_address0  | out |   12|  ap_memory |  buffer27_value  |     array    |
|buffer27_value_ce0       | out |    1|  ap_memory |  buffer27_value  |     array    |
|buffer27_value_we0       | out |    1|  ap_memory |  buffer27_value  |     array    |
|buffer27_value_d0        | out |   32|  ap_memory |  buffer27_value  |     array    |
|buffer30_key_address0    | out |   12|  ap_memory |   buffer30_key   |     array    |
|buffer30_key_ce0         | out |    1|  ap_memory |   buffer30_key   |     array    |
|buffer30_key_we0         | out |    1|  ap_memory |   buffer30_key   |     array    |
|buffer30_key_d0          | out |   32|  ap_memory |   buffer30_key   |     array    |
|buffer30_value_address0  | out |   12|  ap_memory |  buffer30_value  |     array    |
|buffer30_value_ce0       | out |    1|  ap_memory |  buffer30_value  |     array    |
|buffer30_value_we0       | out |    1|  ap_memory |  buffer30_value  |     array    |
|buffer30_value_d0        | out |   32|  ap_memory |  buffer30_value  |     array    |
|buffer31_key_address0    | out |   12|  ap_memory |   buffer31_key   |     array    |
|buffer31_key_ce0         | out |    1|  ap_memory |   buffer31_key   |     array    |
|buffer31_key_we0         | out |    1|  ap_memory |   buffer31_key   |     array    |
|buffer31_key_d0          | out |   32|  ap_memory |   buffer31_key   |     array    |
|buffer31_value_address0  | out |   12|  ap_memory |  buffer31_value  |     array    |
|buffer31_value_ce0       | out |    1|  ap_memory |  buffer31_value  |     array    |
|buffer31_value_we0       | out |    1|  ap_memory |  buffer31_value  |     array    |
|buffer31_value_d0        | out |   32|  ap_memory |  buffer31_value  |     array    |
|buffer32_key_address0    | out |   12|  ap_memory |   buffer32_key   |     array    |
|buffer32_key_ce0         | out |    1|  ap_memory |   buffer32_key   |     array    |
|buffer32_key_we0         | out |    1|  ap_memory |   buffer32_key   |     array    |
|buffer32_key_d0          | out |   32|  ap_memory |   buffer32_key   |     array    |
|buffer32_value_address0  | out |   12|  ap_memory |  buffer32_value  |     array    |
|buffer32_value_ce0       | out |    1|  ap_memory |  buffer32_value  |     array    |
|buffer32_value_we0       | out |    1|  ap_memory |  buffer32_value  |     array    |
|buffer32_value_d0        | out |   32|  ap_memory |  buffer32_value  |     array    |
|buffer33_key_address0    | out |   12|  ap_memory |   buffer33_key   |     array    |
|buffer33_key_ce0         | out |    1|  ap_memory |   buffer33_key   |     array    |
|buffer33_key_we0         | out |    1|  ap_memory |   buffer33_key   |     array    |
|buffer33_key_d0          | out |   32|  ap_memory |   buffer33_key   |     array    |
|buffer33_value_address0  | out |   12|  ap_memory |  buffer33_value  |     array    |
|buffer33_value_ce0       | out |    1|  ap_memory |  buffer33_value  |     array    |
|buffer33_value_we0       | out |    1|  ap_memory |  buffer33_value  |     array    |
|buffer33_value_d0        | out |   32|  ap_memory |  buffer33_value  |     array    |
|buffer34_key_address0    | out |   12|  ap_memory |   buffer34_key   |     array    |
|buffer34_key_ce0         | out |    1|  ap_memory |   buffer34_key   |     array    |
|buffer34_key_we0         | out |    1|  ap_memory |   buffer34_key   |     array    |
|buffer34_key_d0          | out |   32|  ap_memory |   buffer34_key   |     array    |
|buffer34_value_address0  | out |   12|  ap_memory |  buffer34_value  |     array    |
|buffer34_value_ce0       | out |    1|  ap_memory |  buffer34_value  |     array    |
|buffer34_value_we0       | out |    1|  ap_memory |  buffer34_value  |     array    |
|buffer34_value_d0        | out |   32|  ap_memory |  buffer34_value  |     array    |
|buffer35_key_address0    | out |   12|  ap_memory |   buffer35_key   |     array    |
|buffer35_key_ce0         | out |    1|  ap_memory |   buffer35_key   |     array    |
|buffer35_key_we0         | out |    1|  ap_memory |   buffer35_key   |     array    |
|buffer35_key_d0          | out |   32|  ap_memory |   buffer35_key   |     array    |
|buffer35_value_address0  | out |   12|  ap_memory |  buffer35_value  |     array    |
|buffer35_value_ce0       | out |    1|  ap_memory |  buffer35_value  |     array    |
|buffer35_value_we0       | out |    1|  ap_memory |  buffer35_value  |     array    |
|buffer35_value_d0        | out |   32|  ap_memory |  buffer35_value  |     array    |
|buffer36_key_address0    | out |   12|  ap_memory |   buffer36_key   |     array    |
|buffer36_key_ce0         | out |    1|  ap_memory |   buffer36_key   |     array    |
|buffer36_key_we0         | out |    1|  ap_memory |   buffer36_key   |     array    |
|buffer36_key_d0          | out |   32|  ap_memory |   buffer36_key   |     array    |
|buffer36_value_address0  | out |   12|  ap_memory |  buffer36_value  |     array    |
|buffer36_value_ce0       | out |    1|  ap_memory |  buffer36_value  |     array    |
|buffer36_value_we0       | out |    1|  ap_memory |  buffer36_value  |     array    |
|buffer36_value_d0        | out |   32|  ap_memory |  buffer36_value  |     array    |
|buffer37_key_address0    | out |   12|  ap_memory |   buffer37_key   |     array    |
|buffer37_key_ce0         | out |    1|  ap_memory |   buffer37_key   |     array    |
|buffer37_key_we0         | out |    1|  ap_memory |   buffer37_key   |     array    |
|buffer37_key_d0          | out |   32|  ap_memory |   buffer37_key   |     array    |
|buffer37_value_address0  | out |   12|  ap_memory |  buffer37_value  |     array    |
|buffer37_value_ce0       | out |    1|  ap_memory |  buffer37_value  |     array    |
|buffer37_value_we0       | out |    1|  ap_memory |  buffer37_value  |     array    |
|buffer37_value_d0        | out |   32|  ap_memory |  buffer37_value  |     array    |
|offset_kvs               |  in |   30|   ap_none  |    offset_kvs    |    scalar    |
+-------------------------+-----+-----+------------+------------------+--------------+

