

================================================================
== Vivado HLS Report for 'readkeyvalues0_1'
================================================================
* Date:           Mon Jul 27 23:31:14 2020

* Version:        2019.1.3 (Build 2642998 on Wed Sep 04 10:25:22 MDT 2019)
* Project:        actsofagraph
* Solution:       solution1
* Product family: virtexuplus
* Target device:  xcvu9p-fsgd2104-2-i


================================================================
== Performance Estimates
================================================================
+ Timing (ns): 
    * Summary: 
    +--------+-------+----------+------------+
    |  Clock | Target| Estimated| Uncertainty|
    +--------+-------+----------+------------+
    |ap_clk  |  10.00|     8.750|        1.25|
    +--------+-------+----------+------------+

+ Latency (clock cycles): 
    * Summary: 
    +-----+-----+-----+-----+---------+
    |  Latency  |  Interval | Pipeline|
    | min | max | min | max |   Type  |
    +-----+-----+-----+-----+---------+
    |  266|  266|  266|  266|   none  |
    +-----+-----+-----+-----+---------+

    + Detail: 
        * Instance: 
        N/A

        * Loop: 
        +----------------------+-----+-----+----------+-----------+-----------+------+----------+
        |                      |  Latency  | Iteration|  Initiation Interval  | Trip |          |
        |       Loop Name      | min | max |  Latency |  achieved |   target  | Count| Pipelined|
        +----------------------+-----+-----+----------+-----------+-----------+------+----------+
        |- READKEYVALUES_LOOP  |  257|  257|         3|          1|          1|   256|    yes   |
        +----------------------+-----+-----+----------+-----------+-----------+------+----------+

============================================================
+ Verbose Summary: Synthesis Manager
============================================================
InlineROM: 1
ExposeGlobal: 0
============================================================
+ Verbose Summary: CDFG Model
============================================================
IsTopModel: 0
ResetActiveHigh: 1
IsCombinational: 0
IsDatapathOnly: 0
HasWiredReturn: 1
HasMFsm: 0
HasVarLatency: 1
IsPipeline: 0
IsRtlPipelined: 0
IsInstanceOverlapped: 0
IsDontTouch: 0
HasImplIP: 0
IsGatedGlobalClock: 0

+ Individual pipeline summary: 
  * Pipeline-0: initiation interval (II) = 1, depth = 3


============================================================
+ Verbose Summary: Schedule
============================================================
* Number of FSM states : 12
* Pipeline : 1
  Pipeline-0 : II = 1, D = 3, States = { 9 10 11 }
* Dataflow Pipeline: 0

* FSM state transitions: 
1 --> 2 
2 --> 3 
3 --> 4 
4 --> 5 
5 --> 6 
6 --> 7 
7 --> 8 
8 --> 9 
9 --> 12 10 
10 --> 11 
11 --> 9 
12 --> 

* FSM state operations: 

State 1 <SV = 0> <Delay = 0.65>
ST_1 : Operation 13 [1/1] (0.00ns)   --->   "%offset_kvs_read = call i30 @_ssdm_op_Read.ap_auto.i30(i30 %offset_kvs)"   --->   Operation 13 'read' 'offset_kvs_read' <Predicate = true> <Delay = 0.00>
ST_1 : Operation 14 [1/1] (0.00ns)   --->   "%kvdram_V_offset_read = call i26 @_ssdm_op_Read.ap_auto.i26(i26 %kvdram_V_offset)"   --->   Operation 14 'read' 'kvdram_V_offset_read' <Predicate = true> <Delay = 0.00>
ST_1 : Operation 15 [1/1] (0.00ns)   --->   "%zext_ln681 = zext i30 %offset_kvs_read to i31" [../kernels/acts.cpp:1310]   --->   Operation 15 'zext' 'zext_ln681' <Predicate = true> <Delay = 0.00>
ST_1 : Operation 16 [1/1] (0.00ns)   --->   "%zext_ln681_1 = zext i26 %kvdram_V_offset_read to i31" [../kernels/acts.cpp:1310]   --->   Operation 16 'zext' 'zext_ln681_1' <Predicate = true> <Delay = 0.00>
ST_1 : Operation 17 [1/1] (0.65ns)   --->   "%add_ln681 = add i31 %zext_ln681, %zext_ln681_1" [../kernels/acts.cpp:1310]   --->   Operation 17 'add' 'add_ln681' <Predicate = true> <Delay = 0.65> <Core = "AddSub">   --->   Core 14 'AddSub' <Latency = 0> <II = 1> <Delay = 0.65> <FuncUnit> <Opcode : 'add' 'sub'> <InPorts = 2> <OutPorts = 1>

State 2 <SV = 1> <Delay = 8.75>
ST_2 : Operation 18 [1/1] (0.00ns)   --->   "%zext_ln681_2 = zext i31 %add_ln681 to i64" [../kernels/acts.cpp:1310]   --->   Operation 18 'zext' 'zext_ln681_2' <Predicate = true> <Delay = 0.00>
ST_2 : Operation 19 [1/1] (0.00ns)   --->   "%kvdram_V_addr = getelementptr i512* %kvdram_V, i64 %zext_ln681_2" [../kernels/acts.cpp:1310]   --->   Operation 19 'getelementptr' 'kvdram_V_addr' <Predicate = true> <Delay = 0.00>
ST_2 : Operation 20 [7/7] (8.75ns)   --->   "%kvdram_V_addr_rd_req = call i1 @_ssdm_op_ReadReq.m_axi.i512P(i512* %kvdram_V_addr, i32 256)" [../kernels/acts.cpp:1310]   --->   Operation 20 'readreq' 'kvdram_V_addr_rd_req' <Predicate = true> <Delay = 8.75> <Core = "m_axi">   --->   Core 9 'm_axi' <Latency = 6> <II = 1> <Delay = 1.00> <Adapter> <Opcode : 'read' 'write' 'readreq' 'writereq' 'writeresp'>

State 3 <SV = 2> <Delay = 8.75>
ST_3 : Operation 21 [6/7] (8.75ns)   --->   "%kvdram_V_addr_rd_req = call i1 @_ssdm_op_ReadReq.m_axi.i512P(i512* %kvdram_V_addr, i32 256)" [../kernels/acts.cpp:1310]   --->   Operation 21 'readreq' 'kvdram_V_addr_rd_req' <Predicate = true> <Delay = 8.75> <Core = "m_axi">   --->   Core 9 'm_axi' <Latency = 6> <II = 1> <Delay = 1.00> <Adapter> <Opcode : 'read' 'write' 'readreq' 'writereq' 'writeresp'>

State 4 <SV = 3> <Delay = 8.75>
ST_4 : Operation 22 [5/7] (8.75ns)   --->   "%kvdram_V_addr_rd_req = call i1 @_ssdm_op_ReadReq.m_axi.i512P(i512* %kvdram_V_addr, i32 256)" [../kernels/acts.cpp:1310]   --->   Operation 22 'readreq' 'kvdram_V_addr_rd_req' <Predicate = true> <Delay = 8.75> <Core = "m_axi">   --->   Core 9 'm_axi' <Latency = 6> <II = 1> <Delay = 1.00> <Adapter> <Opcode : 'read' 'write' 'readreq' 'writereq' 'writeresp'>

State 5 <SV = 4> <Delay = 8.75>
ST_5 : Operation 23 [4/7] (8.75ns)   --->   "%kvdram_V_addr_rd_req = call i1 @_ssdm_op_ReadReq.m_axi.i512P(i512* %kvdram_V_addr, i32 256)" [../kernels/acts.cpp:1310]   --->   Operation 23 'readreq' 'kvdram_V_addr_rd_req' <Predicate = true> <Delay = 8.75> <Core = "m_axi">   --->   Core 9 'm_axi' <Latency = 6> <II = 1> <Delay = 1.00> <Adapter> <Opcode : 'read' 'write' 'readreq' 'writereq' 'writeresp'>

State 6 <SV = 5> <Delay = 8.75>
ST_6 : Operation 24 [3/7] (8.75ns)   --->   "%kvdram_V_addr_rd_req = call i1 @_ssdm_op_ReadReq.m_axi.i512P(i512* %kvdram_V_addr, i32 256)" [../kernels/acts.cpp:1310]   --->   Operation 24 'readreq' 'kvdram_V_addr_rd_req' <Predicate = true> <Delay = 8.75> <Core = "m_axi">   --->   Core 9 'm_axi' <Latency = 6> <II = 1> <Delay = 1.00> <Adapter> <Opcode : 'read' 'write' 'readreq' 'writereq' 'writeresp'>

State 7 <SV = 6> <Delay = 8.75>
ST_7 : Operation 25 [2/7] (8.75ns)   --->   "%kvdram_V_addr_rd_req = call i1 @_ssdm_op_ReadReq.m_axi.i512P(i512* %kvdram_V_addr, i32 256)" [../kernels/acts.cpp:1310]   --->   Operation 25 'readreq' 'kvdram_V_addr_rd_req' <Predicate = true> <Delay = 8.75> <Core = "m_axi">   --->   Core 9 'm_axi' <Latency = 6> <II = 1> <Delay = 1.00> <Adapter> <Opcode : 'read' 'write' 'readreq' 'writereq' 'writeresp'>

State 8 <SV = 7> <Delay = 8.75>
ST_8 : Operation 26 [1/1] (0.00ns)   --->   "call void (...)* @_ssdm_op_SpecInterface(i512* %kvdram_V, [6 x i8]* @p_str47, i32 0, i32 0, [1 x i8]* @p_str, i32 0, i32 0, [6 x i8]* @p_str50, [6 x i8]* @p_str49, [1 x i8]* @p_str, i32 16, i32 16, i32 64, i32 64, [1 x i8]* @p_str, [1 x i8]* @p_str)"   --->   Operation 26 'specinterface' <Predicate = true> <Delay = 0.00>
ST_8 : Operation 27 [1/7] (8.75ns)   --->   "%kvdram_V_addr_rd_req = call i1 @_ssdm_op_ReadReq.m_axi.i512P(i512* %kvdram_V_addr, i32 256)" [../kernels/acts.cpp:1310]   --->   Operation 27 'readreq' 'kvdram_V_addr_rd_req' <Predicate = true> <Delay = 8.75> <Core = "m_axi">   --->   Core 9 'm_axi' <Latency = 6> <II = 1> <Delay = 1.00> <Adapter> <Opcode : 'read' 'write' 'readreq' 'writereq' 'writeresp'>
ST_8 : Operation 28 [1/1] (0.60ns)   --->   "br label %1" [../kernels/acts.cpp:1305]   --->   Operation 28 'br' <Predicate = true> <Delay = 0.60>

State 9 <SV = 8> <Delay = 0.59>
ST_9 : Operation 29 [1/1] (0.00ns)   --->   "%i_0 = phi i9 [ 0, %0 ], [ %i, %READKEYVALUES_LOOP ]"   --->   Operation 29 'phi' 'i_0' <Predicate = true> <Delay = 0.00>
ST_9 : Operation 30 [1/1] (0.59ns)   --->   "%icmp_ln1305 = icmp eq i9 %i_0, -256" [../kernels/acts.cpp:1305]   --->   Operation 30 'icmp' 'icmp_ln1305' <Predicate = true> <Delay = 0.59> <Core = "Cmp">   --->   Core 25 'Cmp' <Latency = 0> <II = 1> <Delay = 0.59> <FuncUnit> <Opcode : 'icmp'> <InPorts = 2> <OutPorts = 1>
ST_9 : Operation 31 [1/1] (0.00ns)   --->   "call void (...)* @_ssdm_op_SpecLoopTripCount(i64 256, i64 256, i64 256)"   --->   Operation 31 'speclooptripcount' <Predicate = true> <Delay = 0.00>
ST_9 : Operation 32 [1/1] (0.51ns)   --->   "%i = add i9 %i_0, 1" [../kernels/acts.cpp:1305]   --->   Operation 32 'add' 'i' <Predicate = true> <Delay = 0.51> <Core = "AddSub">   --->   Core 14 'AddSub' <Latency = 0> <II = 1> <Delay = 0.65> <FuncUnit> <Opcode : 'add' 'sub'> <InPorts = 2> <OutPorts = 1>
ST_9 : Operation 33 [1/1] (0.00ns)   --->   "br i1 %icmp_ln1305, label %2, label %READKEYVALUES_LOOP" [../kernels/acts.cpp:1305]   --->   Operation 33 'br' <Predicate = true> <Delay = 0.00>

State 10 <SV = 9> <Delay = 8.75>
ST_10 : Operation 34 [1/1] (8.75ns)   --->   "%p_Val2_s = call i512 @_ssdm_op_Read.m_axi.i512P(i512* %kvdram_V_addr)" [../kernels/acts.cpp:1310]   --->   Operation 34 'read' 'p_Val2_s' <Predicate = (!icmp_ln1305)> <Delay = 8.75> <Core = "m_axi">   --->   Core 9 'm_axi' <Latency = 6> <II = 1> <Delay = 1.00> <Adapter> <Opcode : 'read' 'write' 'readreq' 'writereq' 'writeresp'>
ST_10 : Operation 35 [1/1] (0.00ns)   --->   "%trunc_ln681 = trunc i512 %p_Val2_s to i32" [../kernels/acts.cpp:1310]   --->   Operation 35 'trunc' 'trunc_ln681' <Predicate = (!icmp_ln1305)> <Delay = 0.00>
ST_10 : Operation 36 [1/1] (0.00ns)   --->   "%p_Result_s = call i32 @_ssdm_op_PartSelect.i32.i512.i32.i32(i512 %p_Val2_s, i32 32, i32 63)" [../kernels/acts.cpp:1311]   --->   Operation 36 'partselect' 'p_Result_s' <Predicate = (!icmp_ln1305)> <Delay = 0.00>
ST_10 : Operation 37 [1/1] (0.00ns)   --->   "%p_Result_1 = call i32 @_ssdm_op_PartSelect.i32.i512.i32.i32(i512 %p_Val2_s, i32 64, i32 95)" [../kernels/acts.cpp:1312]   --->   Operation 37 'partselect' 'p_Result_1' <Predicate = (!icmp_ln1305)> <Delay = 0.00>
ST_10 : Operation 38 [1/1] (0.00ns)   --->   "%p_Result_2 = call i32 @_ssdm_op_PartSelect.i32.i512.i32.i32(i512 %p_Val2_s, i32 96, i32 127)" [../kernels/acts.cpp:1313]   --->   Operation 38 'partselect' 'p_Result_2' <Predicate = (!icmp_ln1305)> <Delay = 0.00>
ST_10 : Operation 39 [1/1] (0.00ns)   --->   "%p_Result_3 = call i32 @_ssdm_op_PartSelect.i32.i512.i32.i32(i512 %p_Val2_s, i32 128, i32 159)" [../kernels/acts.cpp:1314]   --->   Operation 39 'partselect' 'p_Result_3' <Predicate = (!icmp_ln1305)> <Delay = 0.00>
ST_10 : Operation 40 [1/1] (0.00ns)   --->   "%p_Result_4 = call i32 @_ssdm_op_PartSelect.i32.i512.i32.i32(i512 %p_Val2_s, i32 160, i32 191)" [../kernels/acts.cpp:1315]   --->   Operation 40 'partselect' 'p_Result_4' <Predicate = (!icmp_ln1305)> <Delay = 0.00>
ST_10 : Operation 41 [1/1] (0.00ns)   --->   "%p_Result_5 = call i32 @_ssdm_op_PartSelect.i32.i512.i32.i32(i512 %p_Val2_s, i32 192, i32 223)" [../kernels/acts.cpp:1316]   --->   Operation 41 'partselect' 'p_Result_5' <Predicate = (!icmp_ln1305)> <Delay = 0.00>
ST_10 : Operation 42 [1/1] (0.00ns)   --->   "%p_Result_6 = call i32 @_ssdm_op_PartSelect.i32.i512.i32.i32(i512 %p_Val2_s, i32 224, i32 255)" [../kernels/acts.cpp:1317]   --->   Operation 42 'partselect' 'p_Result_6' <Predicate = (!icmp_ln1305)> <Delay = 0.00>
ST_10 : Operation 43 [1/1] (0.00ns)   --->   "%p_Result_7 = call i32 @_ssdm_op_PartSelect.i32.i512.i32.i32(i512 %p_Val2_s, i32 256, i32 287)" [../kernels/acts.cpp:1318]   --->   Operation 43 'partselect' 'p_Result_7' <Predicate = (!icmp_ln1305)> <Delay = 0.00>
ST_10 : Operation 44 [1/1] (0.00ns)   --->   "%p_Result_8 = call i32 @_ssdm_op_PartSelect.i32.i512.i32.i32(i512 %p_Val2_s, i32 288, i32 319)" [../kernels/acts.cpp:1319]   --->   Operation 44 'partselect' 'p_Result_8' <Predicate = (!icmp_ln1305)> <Delay = 0.00>
ST_10 : Operation 45 [1/1] (0.00ns)   --->   "%p_Result_9 = call i32 @_ssdm_op_PartSelect.i32.i512.i32.i32(i512 %p_Val2_s, i32 320, i32 351)" [../kernels/acts.cpp:1320]   --->   Operation 45 'partselect' 'p_Result_9' <Predicate = (!icmp_ln1305)> <Delay = 0.00>
ST_10 : Operation 46 [1/1] (0.00ns)   --->   "%p_Result_10 = call i32 @_ssdm_op_PartSelect.i32.i512.i32.i32(i512 %p_Val2_s, i32 352, i32 383)" [../kernels/acts.cpp:1321]   --->   Operation 46 'partselect' 'p_Result_10' <Predicate = (!icmp_ln1305)> <Delay = 0.00>
ST_10 : Operation 47 [1/1] (0.00ns)   --->   "%p_Result_11 = call i32 @_ssdm_op_PartSelect.i32.i512.i32.i32(i512 %p_Val2_s, i32 384, i32 415)" [../kernels/acts.cpp:1322]   --->   Operation 47 'partselect' 'p_Result_11' <Predicate = (!icmp_ln1305)> <Delay = 0.00>
ST_10 : Operation 48 [1/1] (0.00ns)   --->   "%p_Result_12 = call i32 @_ssdm_op_PartSelect.i32.i512.i32.i32(i512 %p_Val2_s, i32 416, i32 447)" [../kernels/acts.cpp:1323]   --->   Operation 48 'partselect' 'p_Result_12' <Predicate = (!icmp_ln1305)> <Delay = 0.00>
ST_10 : Operation 49 [1/1] (0.00ns)   --->   "%p_Result_13 = call i32 @_ssdm_op_PartSelect.i32.i512.i32.i32(i512 %p_Val2_s, i32 448, i32 479)" [../kernels/acts.cpp:1324]   --->   Operation 49 'partselect' 'p_Result_13' <Predicate = (!icmp_ln1305)> <Delay = 0.00>
ST_10 : Operation 50 [1/1] (0.00ns)   --->   "%p_Result_14 = call i32 @_ssdm_op_PartSelect.i32.i512.i32.i32(i512 %p_Val2_s, i32 480, i32 511)" [../kernels/acts.cpp:1325]   --->   Operation 50 'partselect' 'p_Result_14' <Predicate = (!icmp_ln1305)> <Delay = 0.00>

State 11 <SV = 10> <Delay = 1.15>
ST_11 : Operation 51 [1/1] (0.00ns)   --->   "call void (...)* @_ssdm_op_SpecLoopName([19 x i8]* @p_str9) nounwind" [../kernels/acts.cpp:1305]   --->   Operation 51 'specloopname' <Predicate = (!icmp_ln1305)> <Delay = 0.00>
ST_11 : Operation 52 [1/1] (0.00ns)   --->   "%tmp = call i32 (...)* @_ssdm_op_SpecRegionBegin([19 x i8]* @p_str9)" [../kernels/acts.cpp:1305]   --->   Operation 52 'specregionbegin' 'tmp' <Predicate = (!icmp_ln1305)> <Delay = 0.00>
ST_11 : Operation 53 [1/1] (0.00ns)   --->   "call void (...)* @_ssdm_op_SpecPipeline(i32 1, i32 1, i32 1, i32 0, [1 x i8]* @p_str) nounwind" [../kernels/acts.cpp:1306]   --->   Operation 53 'specpipeline' <Predicate = (!icmp_ln1305)> <Delay = 0.00>
ST_11 : Operation 54 [1/1] (0.00ns)   --->   "%zext_ln1310 = zext i9 %i_0 to i64" [../kernels/acts.cpp:1310]   --->   Operation 54 'zext' 'zext_ln1310' <Predicate = (!icmp_ln1305)> <Delay = 0.00>
ST_11 : Operation 55 [1/1] (0.00ns)   --->   "%buffer00_key_addr = getelementptr [2112 x i32]* %buffer00_key, i64 0, i64 %zext_ln1310" [../kernels/acts.cpp:1310]   --->   Operation 55 'getelementptr' 'buffer00_key_addr' <Predicate = (!icmp_ln1305)> <Delay = 0.00>
ST_11 : Operation 56 [1/1] (1.15ns)   --->   "store i32 %trunc_ln681, i32* %buffer00_key_addr, align 4" [../kernels/acts.cpp:1310]   --->   Operation 56 'store' <Predicate = (!icmp_ln1305)> <Delay = 1.15> <Core = "RAM">   --->   Core 37 'RAM' <Latency = 1> <II = 1> <Delay = 1.15> <Storage> <Opcode : 'load' 'store'> <Ports = 2> <Width = 32> <Depth = 2112> <RAM>
ST_11 : Operation 57 [1/1] (0.00ns)   --->   "%buffer00_value_addr = getelementptr [2112 x i32]* %buffer00_value, i64 0, i64 %zext_ln1310" [../kernels/acts.cpp:1311]   --->   Operation 57 'getelementptr' 'buffer00_value_addr' <Predicate = (!icmp_ln1305)> <Delay = 0.00>
ST_11 : Operation 58 [1/1] (1.15ns)   --->   "store i32 %p_Result_s, i32* %buffer00_value_addr, align 4" [../kernels/acts.cpp:1311]   --->   Operation 58 'store' <Predicate = (!icmp_ln1305)> <Delay = 1.15> <Core = "RAM">   --->   Core 37 'RAM' <Latency = 1> <II = 1> <Delay = 1.15> <Storage> <Opcode : 'load' 'store'> <Ports = 2> <Width = 32> <Depth = 2112> <RAM>
ST_11 : Operation 59 [1/1] (0.00ns)   --->   "%buffer01_key_addr = getelementptr [2112 x i32]* %buffer01_key, i64 0, i64 %zext_ln1310" [../kernels/acts.cpp:1312]   --->   Operation 59 'getelementptr' 'buffer01_key_addr' <Predicate = (!icmp_ln1305)> <Delay = 0.00>
ST_11 : Operation 60 [1/1] (1.15ns)   --->   "store i32 %p_Result_1, i32* %buffer01_key_addr, align 4" [../kernels/acts.cpp:1312]   --->   Operation 60 'store' <Predicate = (!icmp_ln1305)> <Delay = 1.15> <Core = "RAM">   --->   Core 37 'RAM' <Latency = 1> <II = 1> <Delay = 1.15> <Storage> <Opcode : 'load' 'store'> <Ports = 2> <Width = 32> <Depth = 2112> <RAM>
ST_11 : Operation 61 [1/1] (0.00ns)   --->   "%buffer01_value_addr = getelementptr [2112 x i32]* %buffer01_value, i64 0, i64 %zext_ln1310" [../kernels/acts.cpp:1313]   --->   Operation 61 'getelementptr' 'buffer01_value_addr' <Predicate = (!icmp_ln1305)> <Delay = 0.00>
ST_11 : Operation 62 [1/1] (1.15ns)   --->   "store i32 %p_Result_2, i32* %buffer01_value_addr, align 4" [../kernels/acts.cpp:1313]   --->   Operation 62 'store' <Predicate = (!icmp_ln1305)> <Delay = 1.15> <Core = "RAM">   --->   Core 37 'RAM' <Latency = 1> <II = 1> <Delay = 1.15> <Storage> <Opcode : 'load' 'store'> <Ports = 2> <Width = 32> <Depth = 2112> <RAM>
ST_11 : Operation 63 [1/1] (0.00ns)   --->   "%buffer02_key_addr = getelementptr [2112 x i32]* %buffer02_key, i64 0, i64 %zext_ln1310" [../kernels/acts.cpp:1314]   --->   Operation 63 'getelementptr' 'buffer02_key_addr' <Predicate = (!icmp_ln1305)> <Delay = 0.00>
ST_11 : Operation 64 [1/1] (1.15ns)   --->   "store i32 %p_Result_3, i32* %buffer02_key_addr, align 4" [../kernels/acts.cpp:1314]   --->   Operation 64 'store' <Predicate = (!icmp_ln1305)> <Delay = 1.15> <Core = "RAM">   --->   Core 37 'RAM' <Latency = 1> <II = 1> <Delay = 1.15> <Storage> <Opcode : 'load' 'store'> <Ports = 2> <Width = 32> <Depth = 2112> <RAM>
ST_11 : Operation 65 [1/1] (0.00ns)   --->   "%buffer02_value_addr = getelementptr [2112 x i32]* %buffer02_value, i64 0, i64 %zext_ln1310" [../kernels/acts.cpp:1315]   --->   Operation 65 'getelementptr' 'buffer02_value_addr' <Predicate = (!icmp_ln1305)> <Delay = 0.00>
ST_11 : Operation 66 [1/1] (1.15ns)   --->   "store i32 %p_Result_4, i32* %buffer02_value_addr, align 4" [../kernels/acts.cpp:1315]   --->   Operation 66 'store' <Predicate = (!icmp_ln1305)> <Delay = 1.15> <Core = "RAM">   --->   Core 37 'RAM' <Latency = 1> <II = 1> <Delay = 1.15> <Storage> <Opcode : 'load' 'store'> <Ports = 2> <Width = 32> <Depth = 2112> <RAM>
ST_11 : Operation 67 [1/1] (0.00ns)   --->   "%buffer03_key_addr = getelementptr [2112 x i32]* %buffer03_key, i64 0, i64 %zext_ln1310" [../kernels/acts.cpp:1316]   --->   Operation 67 'getelementptr' 'buffer03_key_addr' <Predicate = (!icmp_ln1305)> <Delay = 0.00>
ST_11 : Operation 68 [1/1] (1.15ns)   --->   "store i32 %p_Result_5, i32* %buffer03_key_addr, align 4" [../kernels/acts.cpp:1316]   --->   Operation 68 'store' <Predicate = (!icmp_ln1305)> <Delay = 1.15> <Core = "RAM">   --->   Core 37 'RAM' <Latency = 1> <II = 1> <Delay = 1.15> <Storage> <Opcode : 'load' 'store'> <Ports = 2> <Width = 32> <Depth = 2112> <RAM>
ST_11 : Operation 69 [1/1] (0.00ns)   --->   "%buffer03_value_addr = getelementptr [2112 x i32]* %buffer03_value, i64 0, i64 %zext_ln1310" [../kernels/acts.cpp:1317]   --->   Operation 69 'getelementptr' 'buffer03_value_addr' <Predicate = (!icmp_ln1305)> <Delay = 0.00>
ST_11 : Operation 70 [1/1] (1.15ns)   --->   "store i32 %p_Result_6, i32* %buffer03_value_addr, align 4" [../kernels/acts.cpp:1317]   --->   Operation 70 'store' <Predicate = (!icmp_ln1305)> <Delay = 1.15> <Core = "RAM">   --->   Core 37 'RAM' <Latency = 1> <II = 1> <Delay = 1.15> <Storage> <Opcode : 'load' 'store'> <Ports = 2> <Width = 32> <Depth = 2112> <RAM>
ST_11 : Operation 71 [1/1] (0.00ns)   --->   "%buffer04_key_addr = getelementptr [2112 x i32]* %buffer04_key, i64 0, i64 %zext_ln1310" [../kernels/acts.cpp:1318]   --->   Operation 71 'getelementptr' 'buffer04_key_addr' <Predicate = (!icmp_ln1305)> <Delay = 0.00>
ST_11 : Operation 72 [1/1] (1.15ns)   --->   "store i32 %p_Result_7, i32* %buffer04_key_addr, align 4" [../kernels/acts.cpp:1318]   --->   Operation 72 'store' <Predicate = (!icmp_ln1305)> <Delay = 1.15> <Core = "RAM">   --->   Core 37 'RAM' <Latency = 1> <II = 1> <Delay = 1.15> <Storage> <Opcode : 'load' 'store'> <Ports = 2> <Width = 32> <Depth = 2112> <RAM>
ST_11 : Operation 73 [1/1] (0.00ns)   --->   "%buffer04_value_addr = getelementptr [2112 x i32]* %buffer04_value, i64 0, i64 %zext_ln1310" [../kernels/acts.cpp:1319]   --->   Operation 73 'getelementptr' 'buffer04_value_addr' <Predicate = (!icmp_ln1305)> <Delay = 0.00>
ST_11 : Operation 74 [1/1] (1.15ns)   --->   "store i32 %p_Result_8, i32* %buffer04_value_addr, align 4" [../kernels/acts.cpp:1319]   --->   Operation 74 'store' <Predicate = (!icmp_ln1305)> <Delay = 1.15> <Core = "RAM">   --->   Core 37 'RAM' <Latency = 1> <II = 1> <Delay = 1.15> <Storage> <Opcode : 'load' 'store'> <Ports = 2> <Width = 32> <Depth = 2112> <RAM>
ST_11 : Operation 75 [1/1] (0.00ns)   --->   "%buffer05_key_addr = getelementptr [2112 x i32]* %buffer05_key, i64 0, i64 %zext_ln1310" [../kernels/acts.cpp:1320]   --->   Operation 75 'getelementptr' 'buffer05_key_addr' <Predicate = (!icmp_ln1305)> <Delay = 0.00>
ST_11 : Operation 76 [1/1] (1.15ns)   --->   "store i32 %p_Result_9, i32* %buffer05_key_addr, align 4" [../kernels/acts.cpp:1320]   --->   Operation 76 'store' <Predicate = (!icmp_ln1305)> <Delay = 1.15> <Core = "RAM">   --->   Core 37 'RAM' <Latency = 1> <II = 1> <Delay = 1.15> <Storage> <Opcode : 'load' 'store'> <Ports = 2> <Width = 32> <Depth = 2112> <RAM>
ST_11 : Operation 77 [1/1] (0.00ns)   --->   "%buffer05_value_addr = getelementptr [2112 x i32]* %buffer05_value, i64 0, i64 %zext_ln1310" [../kernels/acts.cpp:1321]   --->   Operation 77 'getelementptr' 'buffer05_value_addr' <Predicate = (!icmp_ln1305)> <Delay = 0.00>
ST_11 : Operation 78 [1/1] (1.15ns)   --->   "store i32 %p_Result_10, i32* %buffer05_value_addr, align 4" [../kernels/acts.cpp:1321]   --->   Operation 78 'store' <Predicate = (!icmp_ln1305)> <Delay = 1.15> <Core = "RAM">   --->   Core 37 'RAM' <Latency = 1> <II = 1> <Delay = 1.15> <Storage> <Opcode : 'load' 'store'> <Ports = 2> <Width = 32> <Depth = 2112> <RAM>
ST_11 : Operation 79 [1/1] (0.00ns)   --->   "%buffer06_key_addr = getelementptr [2112 x i32]* %buffer06_key, i64 0, i64 %zext_ln1310" [../kernels/acts.cpp:1322]   --->   Operation 79 'getelementptr' 'buffer06_key_addr' <Predicate = (!icmp_ln1305)> <Delay = 0.00>
ST_11 : Operation 80 [1/1] (1.15ns)   --->   "store i32 %p_Result_11, i32* %buffer06_key_addr, align 4" [../kernels/acts.cpp:1322]   --->   Operation 80 'store' <Predicate = (!icmp_ln1305)> <Delay = 1.15> <Core = "RAM">   --->   Core 37 'RAM' <Latency = 1> <II = 1> <Delay = 1.15> <Storage> <Opcode : 'load' 'store'> <Ports = 2> <Width = 32> <Depth = 2112> <RAM>
ST_11 : Operation 81 [1/1] (0.00ns)   --->   "%buffer06_value_addr = getelementptr [2112 x i32]* %buffer06_value, i64 0, i64 %zext_ln1310" [../kernels/acts.cpp:1323]   --->   Operation 81 'getelementptr' 'buffer06_value_addr' <Predicate = (!icmp_ln1305)> <Delay = 0.00>
ST_11 : Operation 82 [1/1] (1.15ns)   --->   "store i32 %p_Result_12, i32* %buffer06_value_addr, align 4" [../kernels/acts.cpp:1323]   --->   Operation 82 'store' <Predicate = (!icmp_ln1305)> <Delay = 1.15> <Core = "RAM">   --->   Core 37 'RAM' <Latency = 1> <II = 1> <Delay = 1.15> <Storage> <Opcode : 'load' 'store'> <Ports = 2> <Width = 32> <Depth = 2112> <RAM>
ST_11 : Operation 83 [1/1] (0.00ns)   --->   "%buffer07_key_addr = getelementptr [2112 x i32]* %buffer07_key, i64 0, i64 %zext_ln1310" [../kernels/acts.cpp:1324]   --->   Operation 83 'getelementptr' 'buffer07_key_addr' <Predicate = (!icmp_ln1305)> <Delay = 0.00>
ST_11 : Operation 84 [1/1] (1.15ns)   --->   "store i32 %p_Result_13, i32* %buffer07_key_addr, align 4" [../kernels/acts.cpp:1324]   --->   Operation 84 'store' <Predicate = (!icmp_ln1305)> <Delay = 1.15> <Core = "RAM">   --->   Core 37 'RAM' <Latency = 1> <II = 1> <Delay = 1.15> <Storage> <Opcode : 'load' 'store'> <Ports = 2> <Width = 32> <Depth = 2112> <RAM>
ST_11 : Operation 85 [1/1] (0.00ns)   --->   "%buffer07_value_addr = getelementptr [2112 x i32]* %buffer07_value, i64 0, i64 %zext_ln1310" [../kernels/acts.cpp:1325]   --->   Operation 85 'getelementptr' 'buffer07_value_addr' <Predicate = (!icmp_ln1305)> <Delay = 0.00>
ST_11 : Operation 86 [1/1] (1.15ns)   --->   "store i32 %p_Result_14, i32* %buffer07_value_addr, align 4" [../kernels/acts.cpp:1325]   --->   Operation 86 'store' <Predicate = (!icmp_ln1305)> <Delay = 1.15> <Core = "RAM">   --->   Core 37 'RAM' <Latency = 1> <II = 1> <Delay = 1.15> <Storage> <Opcode : 'load' 'store'> <Ports = 2> <Width = 32> <Depth = 2112> <RAM>
ST_11 : Operation 87 [1/1] (0.00ns)   --->   "%buffer10_key_addr = getelementptr [2112 x i32]* %buffer10_key, i64 0, i64 %zext_ln1310" [../kernels/acts.cpp:1327]   --->   Operation 87 'getelementptr' 'buffer10_key_addr' <Predicate = (!icmp_ln1305)> <Delay = 0.00>
ST_11 : Operation 88 [1/1] (1.15ns)   --->   "store i32 %trunc_ln681, i32* %buffer10_key_addr, align 4" [../kernels/acts.cpp:1327]   --->   Operation 88 'store' <Predicate = (!icmp_ln1305)> <Delay = 1.15> <Core = "RAM">   --->   Core 37 'RAM' <Latency = 1> <II = 1> <Delay = 1.15> <Storage> <Opcode : 'load' 'store'> <Ports = 2> <Width = 32> <Depth = 2112> <RAM>
ST_11 : Operation 89 [1/1] (0.00ns)   --->   "%buffer10_value_addr = getelementptr [2112 x i32]* %buffer10_value, i64 0, i64 %zext_ln1310" [../kernels/acts.cpp:1328]   --->   Operation 89 'getelementptr' 'buffer10_value_addr' <Predicate = (!icmp_ln1305)> <Delay = 0.00>
ST_11 : Operation 90 [1/1] (1.15ns)   --->   "store i32 %p_Result_s, i32* %buffer10_value_addr, align 4" [../kernels/acts.cpp:1328]   --->   Operation 90 'store' <Predicate = (!icmp_ln1305)> <Delay = 1.15> <Core = "RAM">   --->   Core 37 'RAM' <Latency = 1> <II = 1> <Delay = 1.15> <Storage> <Opcode : 'load' 'store'> <Ports = 2> <Width = 32> <Depth = 2112> <RAM>
ST_11 : Operation 91 [1/1] (0.00ns)   --->   "%buffer11_key_addr = getelementptr [2112 x i32]* %buffer11_key, i64 0, i64 %zext_ln1310" [../kernels/acts.cpp:1329]   --->   Operation 91 'getelementptr' 'buffer11_key_addr' <Predicate = (!icmp_ln1305)> <Delay = 0.00>
ST_11 : Operation 92 [1/1] (1.15ns)   --->   "store i32 %p_Result_1, i32* %buffer11_key_addr, align 4" [../kernels/acts.cpp:1329]   --->   Operation 92 'store' <Predicate = (!icmp_ln1305)> <Delay = 1.15> <Core = "RAM">   --->   Core 37 'RAM' <Latency = 1> <II = 1> <Delay = 1.15> <Storage> <Opcode : 'load' 'store'> <Ports = 2> <Width = 32> <Depth = 2112> <RAM>
ST_11 : Operation 93 [1/1] (0.00ns)   --->   "%buffer11_value_addr = getelementptr [2112 x i32]* %buffer11_value, i64 0, i64 %zext_ln1310" [../kernels/acts.cpp:1330]   --->   Operation 93 'getelementptr' 'buffer11_value_addr' <Predicate = (!icmp_ln1305)> <Delay = 0.00>
ST_11 : Operation 94 [1/1] (1.15ns)   --->   "store i32 %p_Result_2, i32* %buffer11_value_addr, align 4" [../kernels/acts.cpp:1330]   --->   Operation 94 'store' <Predicate = (!icmp_ln1305)> <Delay = 1.15> <Core = "RAM">   --->   Core 37 'RAM' <Latency = 1> <II = 1> <Delay = 1.15> <Storage> <Opcode : 'load' 'store'> <Ports = 2> <Width = 32> <Depth = 2112> <RAM>
ST_11 : Operation 95 [1/1] (0.00ns)   --->   "%buffer12_key_addr = getelementptr [2112 x i32]* %buffer12_key, i64 0, i64 %zext_ln1310" [../kernels/acts.cpp:1331]   --->   Operation 95 'getelementptr' 'buffer12_key_addr' <Predicate = (!icmp_ln1305)> <Delay = 0.00>
ST_11 : Operation 96 [1/1] (1.15ns)   --->   "store i32 %p_Result_3, i32* %buffer12_key_addr, align 4" [../kernels/acts.cpp:1331]   --->   Operation 96 'store' <Predicate = (!icmp_ln1305)> <Delay = 1.15> <Core = "RAM">   --->   Core 37 'RAM' <Latency = 1> <II = 1> <Delay = 1.15> <Storage> <Opcode : 'load' 'store'> <Ports = 2> <Width = 32> <Depth = 2112> <RAM>
ST_11 : Operation 97 [1/1] (0.00ns)   --->   "%buffer12_value_addr = getelementptr [2112 x i32]* %buffer12_value, i64 0, i64 %zext_ln1310" [../kernels/acts.cpp:1332]   --->   Operation 97 'getelementptr' 'buffer12_value_addr' <Predicate = (!icmp_ln1305)> <Delay = 0.00>
ST_11 : Operation 98 [1/1] (1.15ns)   --->   "store i32 %p_Result_4, i32* %buffer12_value_addr, align 4" [../kernels/acts.cpp:1332]   --->   Operation 98 'store' <Predicate = (!icmp_ln1305)> <Delay = 1.15> <Core = "RAM">   --->   Core 37 'RAM' <Latency = 1> <II = 1> <Delay = 1.15> <Storage> <Opcode : 'load' 'store'> <Ports = 2> <Width = 32> <Depth = 2112> <RAM>
ST_11 : Operation 99 [1/1] (0.00ns)   --->   "%buffer13_key_addr = getelementptr [2112 x i32]* %buffer13_key, i64 0, i64 %zext_ln1310" [../kernels/acts.cpp:1333]   --->   Operation 99 'getelementptr' 'buffer13_key_addr' <Predicate = (!icmp_ln1305)> <Delay = 0.00>
ST_11 : Operation 100 [1/1] (1.15ns)   --->   "store i32 %p_Result_5, i32* %buffer13_key_addr, align 4" [../kernels/acts.cpp:1333]   --->   Operation 100 'store' <Predicate = (!icmp_ln1305)> <Delay = 1.15> <Core = "RAM">   --->   Core 37 'RAM' <Latency = 1> <II = 1> <Delay = 1.15> <Storage> <Opcode : 'load' 'store'> <Ports = 2> <Width = 32> <Depth = 2112> <RAM>
ST_11 : Operation 101 [1/1] (0.00ns)   --->   "%buffer13_value_addr = getelementptr [2112 x i32]* %buffer13_value, i64 0, i64 %zext_ln1310" [../kernels/acts.cpp:1334]   --->   Operation 101 'getelementptr' 'buffer13_value_addr' <Predicate = (!icmp_ln1305)> <Delay = 0.00>
ST_11 : Operation 102 [1/1] (1.15ns)   --->   "store i32 %p_Result_6, i32* %buffer13_value_addr, align 4" [../kernels/acts.cpp:1334]   --->   Operation 102 'store' <Predicate = (!icmp_ln1305)> <Delay = 1.15> <Core = "RAM">   --->   Core 37 'RAM' <Latency = 1> <II = 1> <Delay = 1.15> <Storage> <Opcode : 'load' 'store'> <Ports = 2> <Width = 32> <Depth = 2112> <RAM>
ST_11 : Operation 103 [1/1] (0.00ns)   --->   "%buffer14_key_addr = getelementptr [2112 x i32]* %buffer14_key, i64 0, i64 %zext_ln1310" [../kernels/acts.cpp:1335]   --->   Operation 103 'getelementptr' 'buffer14_key_addr' <Predicate = (!icmp_ln1305)> <Delay = 0.00>
ST_11 : Operation 104 [1/1] (1.15ns)   --->   "store i32 %p_Result_7, i32* %buffer14_key_addr, align 4" [../kernels/acts.cpp:1335]   --->   Operation 104 'store' <Predicate = (!icmp_ln1305)> <Delay = 1.15> <Core = "RAM">   --->   Core 37 'RAM' <Latency = 1> <II = 1> <Delay = 1.15> <Storage> <Opcode : 'load' 'store'> <Ports = 2> <Width = 32> <Depth = 2112> <RAM>
ST_11 : Operation 105 [1/1] (0.00ns)   --->   "%buffer14_value_addr = getelementptr [2112 x i32]* %buffer14_value, i64 0, i64 %zext_ln1310" [../kernels/acts.cpp:1336]   --->   Operation 105 'getelementptr' 'buffer14_value_addr' <Predicate = (!icmp_ln1305)> <Delay = 0.00>
ST_11 : Operation 106 [1/1] (1.15ns)   --->   "store i32 %p_Result_8, i32* %buffer14_value_addr, align 4" [../kernels/acts.cpp:1336]   --->   Operation 106 'store' <Predicate = (!icmp_ln1305)> <Delay = 1.15> <Core = "RAM">   --->   Core 37 'RAM' <Latency = 1> <II = 1> <Delay = 1.15> <Storage> <Opcode : 'load' 'store'> <Ports = 2> <Width = 32> <Depth = 2112> <RAM>
ST_11 : Operation 107 [1/1] (0.00ns)   --->   "%buffer15_key_addr = getelementptr [2112 x i32]* %buffer15_key, i64 0, i64 %zext_ln1310" [../kernels/acts.cpp:1337]   --->   Operation 107 'getelementptr' 'buffer15_key_addr' <Predicate = (!icmp_ln1305)> <Delay = 0.00>
ST_11 : Operation 108 [1/1] (1.15ns)   --->   "store i32 %p_Result_9, i32* %buffer15_key_addr, align 4" [../kernels/acts.cpp:1337]   --->   Operation 108 'store' <Predicate = (!icmp_ln1305)> <Delay = 1.15> <Core = "RAM">   --->   Core 37 'RAM' <Latency = 1> <II = 1> <Delay = 1.15> <Storage> <Opcode : 'load' 'store'> <Ports = 2> <Width = 32> <Depth = 2112> <RAM>
ST_11 : Operation 109 [1/1] (0.00ns)   --->   "%buffer15_value_addr = getelementptr [2112 x i32]* %buffer15_value, i64 0, i64 %zext_ln1310" [../kernels/acts.cpp:1338]   --->   Operation 109 'getelementptr' 'buffer15_value_addr' <Predicate = (!icmp_ln1305)> <Delay = 0.00>
ST_11 : Operation 110 [1/1] (1.15ns)   --->   "store i32 %p_Result_10, i32* %buffer15_value_addr, align 4" [../kernels/acts.cpp:1338]   --->   Operation 110 'store' <Predicate = (!icmp_ln1305)> <Delay = 1.15> <Core = "RAM">   --->   Core 37 'RAM' <Latency = 1> <II = 1> <Delay = 1.15> <Storage> <Opcode : 'load' 'store'> <Ports = 2> <Width = 32> <Depth = 2112> <RAM>
ST_11 : Operation 111 [1/1] (0.00ns)   --->   "%buffer16_key_addr = getelementptr [2112 x i32]* %buffer16_key, i64 0, i64 %zext_ln1310" [../kernels/acts.cpp:1339]   --->   Operation 111 'getelementptr' 'buffer16_key_addr' <Predicate = (!icmp_ln1305)> <Delay = 0.00>
ST_11 : Operation 112 [1/1] (1.15ns)   --->   "store i32 %p_Result_11, i32* %buffer16_key_addr, align 4" [../kernels/acts.cpp:1339]   --->   Operation 112 'store' <Predicate = (!icmp_ln1305)> <Delay = 1.15> <Core = "RAM">   --->   Core 37 'RAM' <Latency = 1> <II = 1> <Delay = 1.15> <Storage> <Opcode : 'load' 'store'> <Ports = 2> <Width = 32> <Depth = 2112> <RAM>
ST_11 : Operation 113 [1/1] (0.00ns)   --->   "%buffer16_value_addr = getelementptr [2112 x i32]* %buffer16_value, i64 0, i64 %zext_ln1310" [../kernels/acts.cpp:1340]   --->   Operation 113 'getelementptr' 'buffer16_value_addr' <Predicate = (!icmp_ln1305)> <Delay = 0.00>
ST_11 : Operation 114 [1/1] (1.15ns)   --->   "store i32 %p_Result_12, i32* %buffer16_value_addr, align 4" [../kernels/acts.cpp:1340]   --->   Operation 114 'store' <Predicate = (!icmp_ln1305)> <Delay = 1.15> <Core = "RAM">   --->   Core 37 'RAM' <Latency = 1> <II = 1> <Delay = 1.15> <Storage> <Opcode : 'load' 'store'> <Ports = 2> <Width = 32> <Depth = 2112> <RAM>
ST_11 : Operation 115 [1/1] (0.00ns)   --->   "%buffer17_key_addr = getelementptr [2112 x i32]* %buffer17_key, i64 0, i64 %zext_ln1310" [../kernels/acts.cpp:1341]   --->   Operation 115 'getelementptr' 'buffer17_key_addr' <Predicate = (!icmp_ln1305)> <Delay = 0.00>
ST_11 : Operation 116 [1/1] (1.15ns)   --->   "store i32 %p_Result_13, i32* %buffer17_key_addr, align 4" [../kernels/acts.cpp:1341]   --->   Operation 116 'store' <Predicate = (!icmp_ln1305)> <Delay = 1.15> <Core = "RAM">   --->   Core 37 'RAM' <Latency = 1> <II = 1> <Delay = 1.15> <Storage> <Opcode : 'load' 'store'> <Ports = 2> <Width = 32> <Depth = 2112> <RAM>
ST_11 : Operation 117 [1/1] (0.00ns)   --->   "%buffer17_value_addr = getelementptr [2112 x i32]* %buffer17_value, i64 0, i64 %zext_ln1310" [../kernels/acts.cpp:1342]   --->   Operation 117 'getelementptr' 'buffer17_value_addr' <Predicate = (!icmp_ln1305)> <Delay = 0.00>
ST_11 : Operation 118 [1/1] (1.15ns)   --->   "store i32 %p_Result_14, i32* %buffer17_value_addr, align 4" [../kernels/acts.cpp:1342]   --->   Operation 118 'store' <Predicate = (!icmp_ln1305)> <Delay = 1.15> <Core = "RAM">   --->   Core 37 'RAM' <Latency = 1> <II = 1> <Delay = 1.15> <Storage> <Opcode : 'load' 'store'> <Ports = 2> <Width = 32> <Depth = 2112> <RAM>
ST_11 : Operation 119 [1/1] (0.00ns)   --->   "%buffer20_key_addr = getelementptr [2112 x i32]* %buffer20_key, i64 0, i64 %zext_ln1310" [../kernels/acts.cpp:1344]   --->   Operation 119 'getelementptr' 'buffer20_key_addr' <Predicate = (!icmp_ln1305)> <Delay = 0.00>
ST_11 : Operation 120 [1/1] (1.15ns)   --->   "store i32 %trunc_ln681, i32* %buffer20_key_addr, align 4" [../kernels/acts.cpp:1344]   --->   Operation 120 'store' <Predicate = (!icmp_ln1305)> <Delay = 1.15> <Core = "RAM">   --->   Core 37 'RAM' <Latency = 1> <II = 1> <Delay = 1.15> <Storage> <Opcode : 'load' 'store'> <Ports = 2> <Width = 32> <Depth = 2112> <RAM>
ST_11 : Operation 121 [1/1] (0.00ns)   --->   "%buffer20_value_addr = getelementptr [2112 x i32]* %buffer20_value, i64 0, i64 %zext_ln1310" [../kernels/acts.cpp:1345]   --->   Operation 121 'getelementptr' 'buffer20_value_addr' <Predicate = (!icmp_ln1305)> <Delay = 0.00>
ST_11 : Operation 122 [1/1] (1.15ns)   --->   "store i32 %p_Result_s, i32* %buffer20_value_addr, align 4" [../kernels/acts.cpp:1345]   --->   Operation 122 'store' <Predicate = (!icmp_ln1305)> <Delay = 1.15> <Core = "RAM">   --->   Core 37 'RAM' <Latency = 1> <II = 1> <Delay = 1.15> <Storage> <Opcode : 'load' 'store'> <Ports = 2> <Width = 32> <Depth = 2112> <RAM>
ST_11 : Operation 123 [1/1] (0.00ns)   --->   "%buffer21_key_addr = getelementptr [2112 x i32]* %buffer21_key, i64 0, i64 %zext_ln1310" [../kernels/acts.cpp:1346]   --->   Operation 123 'getelementptr' 'buffer21_key_addr' <Predicate = (!icmp_ln1305)> <Delay = 0.00>
ST_11 : Operation 124 [1/1] (1.15ns)   --->   "store i32 %p_Result_1, i32* %buffer21_key_addr, align 4" [../kernels/acts.cpp:1346]   --->   Operation 124 'store' <Predicate = (!icmp_ln1305)> <Delay = 1.15> <Core = "RAM">   --->   Core 37 'RAM' <Latency = 1> <II = 1> <Delay = 1.15> <Storage> <Opcode : 'load' 'store'> <Ports = 2> <Width = 32> <Depth = 2112> <RAM>
ST_11 : Operation 125 [1/1] (0.00ns)   --->   "%buffer21_value_addr = getelementptr [2112 x i32]* %buffer21_value, i64 0, i64 %zext_ln1310" [../kernels/acts.cpp:1347]   --->   Operation 125 'getelementptr' 'buffer21_value_addr' <Predicate = (!icmp_ln1305)> <Delay = 0.00>
ST_11 : Operation 126 [1/1] (1.15ns)   --->   "store i32 %p_Result_2, i32* %buffer21_value_addr, align 4" [../kernels/acts.cpp:1347]   --->   Operation 126 'store' <Predicate = (!icmp_ln1305)> <Delay = 1.15> <Core = "RAM">   --->   Core 37 'RAM' <Latency = 1> <II = 1> <Delay = 1.15> <Storage> <Opcode : 'load' 'store'> <Ports = 2> <Width = 32> <Depth = 2112> <RAM>
ST_11 : Operation 127 [1/1] (0.00ns)   --->   "%buffer22_key_addr = getelementptr [2112 x i32]* %buffer22_key, i64 0, i64 %zext_ln1310" [../kernels/acts.cpp:1348]   --->   Operation 127 'getelementptr' 'buffer22_key_addr' <Predicate = (!icmp_ln1305)> <Delay = 0.00>
ST_11 : Operation 128 [1/1] (1.15ns)   --->   "store i32 %p_Result_3, i32* %buffer22_key_addr, align 4" [../kernels/acts.cpp:1348]   --->   Operation 128 'store' <Predicate = (!icmp_ln1305)> <Delay = 1.15> <Core = "RAM">   --->   Core 37 'RAM' <Latency = 1> <II = 1> <Delay = 1.15> <Storage> <Opcode : 'load' 'store'> <Ports = 2> <Width = 32> <Depth = 2112> <RAM>
ST_11 : Operation 129 [1/1] (0.00ns)   --->   "%buffer22_value_addr = getelementptr [2112 x i32]* %buffer22_value, i64 0, i64 %zext_ln1310" [../kernels/acts.cpp:1349]   --->   Operation 129 'getelementptr' 'buffer22_value_addr' <Predicate = (!icmp_ln1305)> <Delay = 0.00>
ST_11 : Operation 130 [1/1] (1.15ns)   --->   "store i32 %p_Result_4, i32* %buffer22_value_addr, align 4" [../kernels/acts.cpp:1349]   --->   Operation 130 'store' <Predicate = (!icmp_ln1305)> <Delay = 1.15> <Core = "RAM">   --->   Core 37 'RAM' <Latency = 1> <II = 1> <Delay = 1.15> <Storage> <Opcode : 'load' 'store'> <Ports = 2> <Width = 32> <Depth = 2112> <RAM>
ST_11 : Operation 131 [1/1] (0.00ns)   --->   "%buffer23_key_addr = getelementptr [2112 x i32]* %buffer23_key, i64 0, i64 %zext_ln1310" [../kernels/acts.cpp:1350]   --->   Operation 131 'getelementptr' 'buffer23_key_addr' <Predicate = (!icmp_ln1305)> <Delay = 0.00>
ST_11 : Operation 132 [1/1] (1.15ns)   --->   "store i32 %p_Result_5, i32* %buffer23_key_addr, align 4" [../kernels/acts.cpp:1350]   --->   Operation 132 'store' <Predicate = (!icmp_ln1305)> <Delay = 1.15> <Core = "RAM">   --->   Core 37 'RAM' <Latency = 1> <II = 1> <Delay = 1.15> <Storage> <Opcode : 'load' 'store'> <Ports = 2> <Width = 32> <Depth = 2112> <RAM>
ST_11 : Operation 133 [1/1] (0.00ns)   --->   "%buffer23_value_addr = getelementptr [2112 x i32]* %buffer23_value, i64 0, i64 %zext_ln1310" [../kernels/acts.cpp:1351]   --->   Operation 133 'getelementptr' 'buffer23_value_addr' <Predicate = (!icmp_ln1305)> <Delay = 0.00>
ST_11 : Operation 134 [1/1] (1.15ns)   --->   "store i32 %p_Result_6, i32* %buffer23_value_addr, align 4" [../kernels/acts.cpp:1351]   --->   Operation 134 'store' <Predicate = (!icmp_ln1305)> <Delay = 1.15> <Core = "RAM">   --->   Core 37 'RAM' <Latency = 1> <II = 1> <Delay = 1.15> <Storage> <Opcode : 'load' 'store'> <Ports = 2> <Width = 32> <Depth = 2112> <RAM>
ST_11 : Operation 135 [1/1] (0.00ns)   --->   "%buffer24_key_addr = getelementptr [2112 x i32]* %buffer24_key, i64 0, i64 %zext_ln1310" [../kernels/acts.cpp:1352]   --->   Operation 135 'getelementptr' 'buffer24_key_addr' <Predicate = (!icmp_ln1305)> <Delay = 0.00>
ST_11 : Operation 136 [1/1] (1.15ns)   --->   "store i32 %p_Result_7, i32* %buffer24_key_addr, align 4" [../kernels/acts.cpp:1352]   --->   Operation 136 'store' <Predicate = (!icmp_ln1305)> <Delay = 1.15> <Core = "RAM">   --->   Core 37 'RAM' <Latency = 1> <II = 1> <Delay = 1.15> <Storage> <Opcode : 'load' 'store'> <Ports = 2> <Width = 32> <Depth = 2112> <RAM>
ST_11 : Operation 137 [1/1] (0.00ns)   --->   "%buffer24_value_addr = getelementptr [2112 x i32]* %buffer24_value, i64 0, i64 %zext_ln1310" [../kernels/acts.cpp:1353]   --->   Operation 137 'getelementptr' 'buffer24_value_addr' <Predicate = (!icmp_ln1305)> <Delay = 0.00>
ST_11 : Operation 138 [1/1] (1.15ns)   --->   "store i32 %p_Result_8, i32* %buffer24_value_addr, align 4" [../kernels/acts.cpp:1353]   --->   Operation 138 'store' <Predicate = (!icmp_ln1305)> <Delay = 1.15> <Core = "RAM">   --->   Core 37 'RAM' <Latency = 1> <II = 1> <Delay = 1.15> <Storage> <Opcode : 'load' 'store'> <Ports = 2> <Width = 32> <Depth = 2112> <RAM>
ST_11 : Operation 139 [1/1] (0.00ns)   --->   "%buffer25_key_addr = getelementptr [2112 x i32]* %buffer25_key, i64 0, i64 %zext_ln1310" [../kernels/acts.cpp:1354]   --->   Operation 139 'getelementptr' 'buffer25_key_addr' <Predicate = (!icmp_ln1305)> <Delay = 0.00>
ST_11 : Operation 140 [1/1] (1.15ns)   --->   "store i32 %p_Result_9, i32* %buffer25_key_addr, align 4" [../kernels/acts.cpp:1354]   --->   Operation 140 'store' <Predicate = (!icmp_ln1305)> <Delay = 1.15> <Core = "RAM">   --->   Core 37 'RAM' <Latency = 1> <II = 1> <Delay = 1.15> <Storage> <Opcode : 'load' 'store'> <Ports = 2> <Width = 32> <Depth = 2112> <RAM>
ST_11 : Operation 141 [1/1] (0.00ns)   --->   "%buffer25_value_addr = getelementptr [2112 x i32]* %buffer25_value, i64 0, i64 %zext_ln1310" [../kernels/acts.cpp:1355]   --->   Operation 141 'getelementptr' 'buffer25_value_addr' <Predicate = (!icmp_ln1305)> <Delay = 0.00>
ST_11 : Operation 142 [1/1] (1.15ns)   --->   "store i32 %p_Result_10, i32* %buffer25_value_addr, align 4" [../kernels/acts.cpp:1355]   --->   Operation 142 'store' <Predicate = (!icmp_ln1305)> <Delay = 1.15> <Core = "RAM">   --->   Core 37 'RAM' <Latency = 1> <II = 1> <Delay = 1.15> <Storage> <Opcode : 'load' 'store'> <Ports = 2> <Width = 32> <Depth = 2112> <RAM>
ST_11 : Operation 143 [1/1] (0.00ns)   --->   "%buffer26_key_addr = getelementptr [2112 x i32]* %buffer26_key, i64 0, i64 %zext_ln1310" [../kernels/acts.cpp:1356]   --->   Operation 143 'getelementptr' 'buffer26_key_addr' <Predicate = (!icmp_ln1305)> <Delay = 0.00>
ST_11 : Operation 144 [1/1] (1.15ns)   --->   "store i32 %p_Result_11, i32* %buffer26_key_addr, align 4" [../kernels/acts.cpp:1356]   --->   Operation 144 'store' <Predicate = (!icmp_ln1305)> <Delay = 1.15> <Core = "RAM">   --->   Core 37 'RAM' <Latency = 1> <II = 1> <Delay = 1.15> <Storage> <Opcode : 'load' 'store'> <Ports = 2> <Width = 32> <Depth = 2112> <RAM>
ST_11 : Operation 145 [1/1] (0.00ns)   --->   "%buffer26_value_addr = getelementptr [2112 x i32]* %buffer26_value, i64 0, i64 %zext_ln1310" [../kernels/acts.cpp:1357]   --->   Operation 145 'getelementptr' 'buffer26_value_addr' <Predicate = (!icmp_ln1305)> <Delay = 0.00>
ST_11 : Operation 146 [1/1] (1.15ns)   --->   "store i32 %p_Result_12, i32* %buffer26_value_addr, align 4" [../kernels/acts.cpp:1357]   --->   Operation 146 'store' <Predicate = (!icmp_ln1305)> <Delay = 1.15> <Core = "RAM">   --->   Core 37 'RAM' <Latency = 1> <II = 1> <Delay = 1.15> <Storage> <Opcode : 'load' 'store'> <Ports = 2> <Width = 32> <Depth = 2112> <RAM>
ST_11 : Operation 147 [1/1] (0.00ns)   --->   "%buffer27_key_addr = getelementptr [2112 x i32]* %buffer27_key, i64 0, i64 %zext_ln1310" [../kernels/acts.cpp:1358]   --->   Operation 147 'getelementptr' 'buffer27_key_addr' <Predicate = (!icmp_ln1305)> <Delay = 0.00>
ST_11 : Operation 148 [1/1] (1.15ns)   --->   "store i32 %p_Result_13, i32* %buffer27_key_addr, align 4" [../kernels/acts.cpp:1358]   --->   Operation 148 'store' <Predicate = (!icmp_ln1305)> <Delay = 1.15> <Core = "RAM">   --->   Core 37 'RAM' <Latency = 1> <II = 1> <Delay = 1.15> <Storage> <Opcode : 'load' 'store'> <Ports = 2> <Width = 32> <Depth = 2112> <RAM>
ST_11 : Operation 149 [1/1] (0.00ns)   --->   "%buffer27_value_addr = getelementptr [2112 x i32]* %buffer27_value, i64 0, i64 %zext_ln1310" [../kernels/acts.cpp:1359]   --->   Operation 149 'getelementptr' 'buffer27_value_addr' <Predicate = (!icmp_ln1305)> <Delay = 0.00>
ST_11 : Operation 150 [1/1] (1.15ns)   --->   "store i32 %p_Result_14, i32* %buffer27_value_addr, align 4" [../kernels/acts.cpp:1359]   --->   Operation 150 'store' <Predicate = (!icmp_ln1305)> <Delay = 1.15> <Core = "RAM">   --->   Core 37 'RAM' <Latency = 1> <II = 1> <Delay = 1.15> <Storage> <Opcode : 'load' 'store'> <Ports = 2> <Width = 32> <Depth = 2112> <RAM>
ST_11 : Operation 151 [1/1] (0.00ns)   --->   "%buffer30_key_addr = getelementptr [2112 x i32]* %buffer30_key, i64 0, i64 %zext_ln1310" [../kernels/acts.cpp:1361]   --->   Operation 151 'getelementptr' 'buffer30_key_addr' <Predicate = (!icmp_ln1305)> <Delay = 0.00>
ST_11 : Operation 152 [1/1] (1.15ns)   --->   "store i32 %trunc_ln681, i32* %buffer30_key_addr, align 4" [../kernels/acts.cpp:1361]   --->   Operation 152 'store' <Predicate = (!icmp_ln1305)> <Delay = 1.15> <Core = "RAM">   --->   Core 37 'RAM' <Latency = 1> <II = 1> <Delay = 1.15> <Storage> <Opcode : 'load' 'store'> <Ports = 2> <Width = 32> <Depth = 2112> <RAM>
ST_11 : Operation 153 [1/1] (0.00ns)   --->   "%buffer30_value_addr = getelementptr [2112 x i32]* %buffer30_value, i64 0, i64 %zext_ln1310" [../kernels/acts.cpp:1362]   --->   Operation 153 'getelementptr' 'buffer30_value_addr' <Predicate = (!icmp_ln1305)> <Delay = 0.00>
ST_11 : Operation 154 [1/1] (1.15ns)   --->   "store i32 %p_Result_s, i32* %buffer30_value_addr, align 4" [../kernels/acts.cpp:1362]   --->   Operation 154 'store' <Predicate = (!icmp_ln1305)> <Delay = 1.15> <Core = "RAM">   --->   Core 37 'RAM' <Latency = 1> <II = 1> <Delay = 1.15> <Storage> <Opcode : 'load' 'store'> <Ports = 2> <Width = 32> <Depth = 2112> <RAM>
ST_11 : Operation 155 [1/1] (0.00ns)   --->   "%buffer31_key_addr = getelementptr [2112 x i32]* %buffer31_key, i64 0, i64 %zext_ln1310" [../kernels/acts.cpp:1363]   --->   Operation 155 'getelementptr' 'buffer31_key_addr' <Predicate = (!icmp_ln1305)> <Delay = 0.00>
ST_11 : Operation 156 [1/1] (1.15ns)   --->   "store i32 %p_Result_1, i32* %buffer31_key_addr, align 4" [../kernels/acts.cpp:1363]   --->   Operation 156 'store' <Predicate = (!icmp_ln1305)> <Delay = 1.15> <Core = "RAM">   --->   Core 37 'RAM' <Latency = 1> <II = 1> <Delay = 1.15> <Storage> <Opcode : 'load' 'store'> <Ports = 2> <Width = 32> <Depth = 2112> <RAM>
ST_11 : Operation 157 [1/1] (0.00ns)   --->   "%buffer31_value_addr = getelementptr [2112 x i32]* %buffer31_value, i64 0, i64 %zext_ln1310" [../kernels/acts.cpp:1364]   --->   Operation 157 'getelementptr' 'buffer31_value_addr' <Predicate = (!icmp_ln1305)> <Delay = 0.00>
ST_11 : Operation 158 [1/1] (1.15ns)   --->   "store i32 %p_Result_2, i32* %buffer31_value_addr, align 4" [../kernels/acts.cpp:1364]   --->   Operation 158 'store' <Predicate = (!icmp_ln1305)> <Delay = 1.15> <Core = "RAM">   --->   Core 37 'RAM' <Latency = 1> <II = 1> <Delay = 1.15> <Storage> <Opcode : 'load' 'store'> <Ports = 2> <Width = 32> <Depth = 2112> <RAM>
ST_11 : Operation 159 [1/1] (0.00ns)   --->   "%buffer32_key_addr = getelementptr [2112 x i32]* %buffer32_key, i64 0, i64 %zext_ln1310" [../kernels/acts.cpp:1365]   --->   Operation 159 'getelementptr' 'buffer32_key_addr' <Predicate = (!icmp_ln1305)> <Delay = 0.00>
ST_11 : Operation 160 [1/1] (1.15ns)   --->   "store i32 %p_Result_3, i32* %buffer32_key_addr, align 4" [../kernels/acts.cpp:1365]   --->   Operation 160 'store' <Predicate = (!icmp_ln1305)> <Delay = 1.15> <Core = "RAM">   --->   Core 37 'RAM' <Latency = 1> <II = 1> <Delay = 1.15> <Storage> <Opcode : 'load' 'store'> <Ports = 2> <Width = 32> <Depth = 2112> <RAM>
ST_11 : Operation 161 [1/1] (0.00ns)   --->   "%buffer32_value_addr = getelementptr [2112 x i32]* %buffer32_value, i64 0, i64 %zext_ln1310" [../kernels/acts.cpp:1366]   --->   Operation 161 'getelementptr' 'buffer32_value_addr' <Predicate = (!icmp_ln1305)> <Delay = 0.00>
ST_11 : Operation 162 [1/1] (1.15ns)   --->   "store i32 %p_Result_4, i32* %buffer32_value_addr, align 4" [../kernels/acts.cpp:1366]   --->   Operation 162 'store' <Predicate = (!icmp_ln1305)> <Delay = 1.15> <Core = "RAM">   --->   Core 37 'RAM' <Latency = 1> <II = 1> <Delay = 1.15> <Storage> <Opcode : 'load' 'store'> <Ports = 2> <Width = 32> <Depth = 2112> <RAM>
ST_11 : Operation 163 [1/1] (0.00ns)   --->   "%buffer33_key_addr = getelementptr [2112 x i32]* %buffer33_key, i64 0, i64 %zext_ln1310" [../kernels/acts.cpp:1367]   --->   Operation 163 'getelementptr' 'buffer33_key_addr' <Predicate = (!icmp_ln1305)> <Delay = 0.00>
ST_11 : Operation 164 [1/1] (1.15ns)   --->   "store i32 %p_Result_5, i32* %buffer33_key_addr, align 4" [../kernels/acts.cpp:1367]   --->   Operation 164 'store' <Predicate = (!icmp_ln1305)> <Delay = 1.15> <Core = "RAM">   --->   Core 37 'RAM' <Latency = 1> <II = 1> <Delay = 1.15> <Storage> <Opcode : 'load' 'store'> <Ports = 2> <Width = 32> <Depth = 2112> <RAM>
ST_11 : Operation 165 [1/1] (0.00ns)   --->   "%buffer33_value_addr = getelementptr [2112 x i32]* %buffer33_value, i64 0, i64 %zext_ln1310" [../kernels/acts.cpp:1368]   --->   Operation 165 'getelementptr' 'buffer33_value_addr' <Predicate = (!icmp_ln1305)> <Delay = 0.00>
ST_11 : Operation 166 [1/1] (1.15ns)   --->   "store i32 %p_Result_6, i32* %buffer33_value_addr, align 4" [../kernels/acts.cpp:1368]   --->   Operation 166 'store' <Predicate = (!icmp_ln1305)> <Delay = 1.15> <Core = "RAM">   --->   Core 37 'RAM' <Latency = 1> <II = 1> <Delay = 1.15> <Storage> <Opcode : 'load' 'store'> <Ports = 2> <Width = 32> <Depth = 2112> <RAM>
ST_11 : Operation 167 [1/1] (0.00ns)   --->   "%buffer34_key_addr = getelementptr [2112 x i32]* %buffer34_key, i64 0, i64 %zext_ln1310" [../kernels/acts.cpp:1369]   --->   Operation 167 'getelementptr' 'buffer34_key_addr' <Predicate = (!icmp_ln1305)> <Delay = 0.00>
ST_11 : Operation 168 [1/1] (1.15ns)   --->   "store i32 %p_Result_7, i32* %buffer34_key_addr, align 4" [../kernels/acts.cpp:1369]   --->   Operation 168 'store' <Predicate = (!icmp_ln1305)> <Delay = 1.15> <Core = "RAM">   --->   Core 37 'RAM' <Latency = 1> <II = 1> <Delay = 1.15> <Storage> <Opcode : 'load' 'store'> <Ports = 2> <Width = 32> <Depth = 2112> <RAM>
ST_11 : Operation 169 [1/1] (0.00ns)   --->   "%buffer34_value_addr = getelementptr [2112 x i32]* %buffer34_value, i64 0, i64 %zext_ln1310" [../kernels/acts.cpp:1370]   --->   Operation 169 'getelementptr' 'buffer34_value_addr' <Predicate = (!icmp_ln1305)> <Delay = 0.00>
ST_11 : Operation 170 [1/1] (1.15ns)   --->   "store i32 %p_Result_8, i32* %buffer34_value_addr, align 4" [../kernels/acts.cpp:1370]   --->   Operation 170 'store' <Predicate = (!icmp_ln1305)> <Delay = 1.15> <Core = "RAM">   --->   Core 37 'RAM' <Latency = 1> <II = 1> <Delay = 1.15> <Storage> <Opcode : 'load' 'store'> <Ports = 2> <Width = 32> <Depth = 2112> <RAM>
ST_11 : Operation 171 [1/1] (0.00ns)   --->   "%buffer35_key_addr = getelementptr [2112 x i32]* %buffer35_key, i64 0, i64 %zext_ln1310" [../kernels/acts.cpp:1371]   --->   Operation 171 'getelementptr' 'buffer35_key_addr' <Predicate = (!icmp_ln1305)> <Delay = 0.00>
ST_11 : Operation 172 [1/1] (1.15ns)   --->   "store i32 %p_Result_9, i32* %buffer35_key_addr, align 4" [../kernels/acts.cpp:1371]   --->   Operation 172 'store' <Predicate = (!icmp_ln1305)> <Delay = 1.15> <Core = "RAM">   --->   Core 37 'RAM' <Latency = 1> <II = 1> <Delay = 1.15> <Storage> <Opcode : 'load' 'store'> <Ports = 2> <Width = 32> <Depth = 2112> <RAM>
ST_11 : Operation 173 [1/1] (0.00ns)   --->   "%buffer35_value_addr = getelementptr [2112 x i32]* %buffer35_value, i64 0, i64 %zext_ln1310" [../kernels/acts.cpp:1372]   --->   Operation 173 'getelementptr' 'buffer35_value_addr' <Predicate = (!icmp_ln1305)> <Delay = 0.00>
ST_11 : Operation 174 [1/1] (1.15ns)   --->   "store i32 %p_Result_10, i32* %buffer35_value_addr, align 4" [../kernels/acts.cpp:1372]   --->   Operation 174 'store' <Predicate = (!icmp_ln1305)> <Delay = 1.15> <Core = "RAM">   --->   Core 37 'RAM' <Latency = 1> <II = 1> <Delay = 1.15> <Storage> <Opcode : 'load' 'store'> <Ports = 2> <Width = 32> <Depth = 2112> <RAM>
ST_11 : Operation 175 [1/1] (0.00ns)   --->   "%buffer36_key_addr = getelementptr [2112 x i32]* %buffer36_key, i64 0, i64 %zext_ln1310" [../kernels/acts.cpp:1373]   --->   Operation 175 'getelementptr' 'buffer36_key_addr' <Predicate = (!icmp_ln1305)> <Delay = 0.00>
ST_11 : Operation 176 [1/1] (1.15ns)   --->   "store i32 %p_Result_11, i32* %buffer36_key_addr, align 4" [../kernels/acts.cpp:1373]   --->   Operation 176 'store' <Predicate = (!icmp_ln1305)> <Delay = 1.15> <Core = "RAM">   --->   Core 37 'RAM' <Latency = 1> <II = 1> <Delay = 1.15> <Storage> <Opcode : 'load' 'store'> <Ports = 2> <Width = 32> <Depth = 2112> <RAM>
ST_11 : Operation 177 [1/1] (0.00ns)   --->   "%buffer36_value_addr = getelementptr [2112 x i32]* %buffer36_value, i64 0, i64 %zext_ln1310" [../kernels/acts.cpp:1374]   --->   Operation 177 'getelementptr' 'buffer36_value_addr' <Predicate = (!icmp_ln1305)> <Delay = 0.00>
ST_11 : Operation 178 [1/1] (1.15ns)   --->   "store i32 %p_Result_12, i32* %buffer36_value_addr, align 4" [../kernels/acts.cpp:1374]   --->   Operation 178 'store' <Predicate = (!icmp_ln1305)> <Delay = 1.15> <Core = "RAM">   --->   Core 37 'RAM' <Latency = 1> <II = 1> <Delay = 1.15> <Storage> <Opcode : 'load' 'store'> <Ports = 2> <Width = 32> <Depth = 2112> <RAM>
ST_11 : Operation 179 [1/1] (0.00ns)   --->   "%buffer37_key_addr = getelementptr [2112 x i32]* %buffer37_key, i64 0, i64 %zext_ln1310" [../kernels/acts.cpp:1375]   --->   Operation 179 'getelementptr' 'buffer37_key_addr' <Predicate = (!icmp_ln1305)> <Delay = 0.00>
ST_11 : Operation 180 [1/1] (1.15ns)   --->   "store i32 %p_Result_13, i32* %buffer37_key_addr, align 4" [../kernels/acts.cpp:1375]   --->   Operation 180 'store' <Predicate = (!icmp_ln1305)> <Delay = 1.15> <Core = "RAM">   --->   Core 37 'RAM' <Latency = 1> <II = 1> <Delay = 1.15> <Storage> <Opcode : 'load' 'store'> <Ports = 2> <Width = 32> <Depth = 2112> <RAM>
ST_11 : Operation 181 [1/1] (0.00ns)   --->   "%buffer37_value_addr = getelementptr [2112 x i32]* %buffer37_value, i64 0, i64 %zext_ln1310" [../kernels/acts.cpp:1376]   --->   Operation 181 'getelementptr' 'buffer37_value_addr' <Predicate = (!icmp_ln1305)> <Delay = 0.00>
ST_11 : Operation 182 [1/1] (1.15ns)   --->   "store i32 %p_Result_14, i32* %buffer37_value_addr, align 4" [../kernels/acts.cpp:1376]   --->   Operation 182 'store' <Predicate = (!icmp_ln1305)> <Delay = 1.15> <Core = "RAM">   --->   Core 37 'RAM' <Latency = 1> <II = 1> <Delay = 1.15> <Storage> <Opcode : 'load' 'store'> <Ports = 2> <Width = 32> <Depth = 2112> <RAM>
ST_11 : Operation 183 [1/1] (0.00ns)   --->   "%empty = call i32 (...)* @_ssdm_op_SpecRegionEnd([19 x i8]* @p_str9, i32 %tmp)" [../kernels/acts.cpp:1421]   --->   Operation 183 'specregionend' 'empty' <Predicate = (!icmp_ln1305)> <Delay = 0.00>
ST_11 : Operation 184 [1/1] (0.00ns)   --->   "br label %1" [../kernels/acts.cpp:1305]   --->   Operation 184 'br' <Predicate = (!icmp_ln1305)> <Delay = 0.00>

State 12 <SV = 9> <Delay = 0.00>
ST_12 : Operation 185 [1/1] (0.00ns)   --->   "ret void" [../kernels/acts.cpp:1422]   --->   Operation 185 'ret' <Predicate = true> <Delay = 0.00>


============================================================
+ Verbose Summary: Timing violations
============================================================
Target clock period: 10ns, clock uncertainty: 1.25ns.

 <State 1>: 0.655ns
The critical path consists of the following:
	wire read on port 'offset_kvs' [68]  (0 ns)
	'add' operation ('add_ln681', ../kernels/acts.cpp:1310) [73]  (0.655 ns)

 <State 2>: 8.75ns
The critical path consists of the following:
	'getelementptr' operation ('kvdram_V_addr', ../kernels/acts.cpp:1310) [75]  (0 ns)
	bus request on port 'kvdram_V' (../kernels/acts.cpp:1310) [76]  (8.75 ns)

 <State 3>: 8.75ns
The critical path consists of the following:
	bus request on port 'kvdram_V' (../kernels/acts.cpp:1310) [76]  (8.75 ns)

 <State 4>: 8.75ns
The critical path consists of the following:
	bus request on port 'kvdram_V' (../kernels/acts.cpp:1310) [76]  (8.75 ns)

 <State 5>: 8.75ns
The critical path consists of the following:
	bus request on port 'kvdram_V' (../kernels/acts.cpp:1310) [76]  (8.75 ns)

 <State 6>: 8.75ns
The critical path consists of the following:
	bus request on port 'kvdram_V' (../kernels/acts.cpp:1310) [76]  (8.75 ns)

 <State 7>: 8.75ns
The critical path consists of the following:
	bus request on port 'kvdram_V' (../kernels/acts.cpp:1310) [76]  (8.75 ns)

 <State 8>: 8.75ns
The critical path consists of the following:
	bus request on port 'kvdram_V' (../kernels/acts.cpp:1310) [76]  (8.75 ns)

 <State 9>: 0.593ns
The critical path consists of the following:
	'phi' operation ('i') with incoming values : ('i', ../kernels/acts.cpp:1305) [79]  (0 ns)
	'icmp' operation ('icmp_ln1305', ../kernels/acts.cpp:1305) [80]  (0.593 ns)

 <State 10>: 8.75ns
The critical path consists of the following:
	bus read on port 'kvdram_V' (../kernels/acts.cpp:1310) [88]  (8.75 ns)

 <State 11>: 1.16ns
The critical path consists of the following:
	'getelementptr' operation ('buffer00_key_addr', ../kernels/acts.cpp:1310) [91]  (0 ns)
	'store' operation ('store_ln1310', ../kernels/acts.cpp:1310) of variable 'trunc_ln681', ../kernels/acts.cpp:1310 on array 'buffer00_key' [92]  (1.16 ns)

 <State 12>: 0ns
The critical path consists of the following:


============================================================
+ Verbose Summary: Binding
============================================================
N/A
* FSMD analyzer results:
  - Output states:
 - Input state : 
  - Chain level:
	State 1
	State 2
	State 3
	State 4
	State 5
	State 6
	State 7
	State 8
	State 9
	State 10
	State 11
	State 12


============================================================
+ Verbose Summary: Datapath Resource usage 
============================================================
N/A
